Component: ARM Compiler 5.06 update 6 (build 750) Tool: armlink [4d35ed]

==============================================================================

Section Cross References

    main.o(i.main) refers to systick.o(i.SysTick_Init) for SysTick_Init
    main.o(i.main) refers to misc.o(i.NVIC_PriorityGroupConfig) for NVIC_PriorityGroupConfig
    main.o(i.main) refers to usart.o(i.USART1_Init) for USART1_Init
    main.o(i.main) refers to usart.o(i.USART3_Init) for USART3_Init
    main.o(i.main) refers to hwjs.o(i.Hwjs_InitA7) for Hwjs_InitA7
    main.o(i.main) refers to hwjs.o(i.Hwjs_InitA15) for Hwjs_InitA15
    main.o(i.main) refers to hwjs.o(i.Hwjs_InitC13) for Hwjs_InitC13
    main.o(i.main) refers to hwjs.o(i.Hwjs_InitB9) for Hwjs_InitB9
    main.o(i.main) refers to hwjs.o(i.Hwjs_InitA12) for Hwjs_InitA12
    main.o(i.main) refers to hwjs.o(i.Hwjs_InitA11) for Hwjs_InitA11
    main.o(i.main) refers to hwjs.o(i.Hwjs_InitB14) for Hwjs_InitB14
    main.o(i.main) refers to hwjs.o(i.ShakeB0) for ShakeB0
    main.o(i.main) refers to hwjs.o(i.Lc12s_GPIO_Init) for Lc12s_GPIO_Init
    main.o(i.main) refers to module.o(i.Lc12s_Init) for Lc12s_Init
    main.o(i.main) refers to voice.o(i.GPIO_Configuration) for GPIO_Configuration
    main.o(i.main) refers to systick.o(i.delay_us) for delay_us
    main.o(i.main) refers to usart.o(i.USART2_Init) for USART2_Init
    main.o(i.main) refers to usart.o(i.clrStruct) for clrStruct
    main.o(i.main) refers to usart.o(i.USART2_printf) for USART2_printf
    main.o(i.main) refers to time.o(i.TIM4_Init) for TIM4_Init
    main.o(i.main) refers to time.o(i.TIM3_Configuration) for TIM3_Configuration
    main.o(i.main) refers to gps.o(i.gpsinit) for gpsinit
    main.o(i.main) refers to voice.o(i.Senddata) for Senddata
    main.o(i.main) refers to systick.o(i.delay_ms) for delay_ms
    main.o(i.main) refers to module.o(i.Usart_Receive) for Usart_Receive
    main.o(i.main) refers to module.o(i.Gps_RecToSend) for Gps_RecToSend
    main.o(i.main) refers to module.o(i.Usart3_Receive) for Usart3_Receive
    main.o(i.main) refers to module.o(i.USART3_Send) for USART3_Send
    main.o(i.main) refers to module.o(i.IR_Poll) for IR_Poll
    main.o(i.main) refers to gps.o(i.parseGpsBuffer) for parseGpsBuffer
    main.o(i.main) refers to gps.o(i.printGpsBuffer) for printGpsBuffer
    startup_stm32f10x_hd.o(RESET) refers to startup_stm32f10x_hd.o(STACK) for __initial_sp
    startup_stm32f10x_hd.o(RESET) refers to startup_stm32f10x_hd.o(.text) for Reset_Handler
    startup_stm32f10x_hd.o(RESET) refers to stm32f10x_it.o(i.NMI_Handler) for NMI_Handler
    startup_stm32f10x_hd.o(RESET) refers to stm32f10x_it.o(i.HardFault_Handler) for HardFault_Handler
    startup_stm32f10x_hd.o(RESET) refers to stm32f10x_it.o(i.MemManage_Handler) for MemManage_Handler
    startup_stm32f10x_hd.o(RESET) refers to stm32f10x_it.o(i.BusFault_Handler) for BusFault_Handler
    startup_stm32f10x_hd.o(RESET) refers to stm32f10x_it.o(i.UsageFault_Handler) for UsageFault_Handler
    startup_stm32f10x_hd.o(RESET) refers to stm32f10x_it.o(i.SVC_Handler) for SVC_Handler
    startup_stm32f10x_hd.o(RESET) refers to stm32f10x_it.o(i.DebugMon_Handler) for DebugMon_Handler
    startup_stm32f10x_hd.o(RESET) refers to os_cpu_a.o(CODE) for OS_CPU_PendSVHandler
    startup_stm32f10x_hd.o(RESET) refers to os_cpu_c.o(i.OS_CPU_SysTickHandler) for OS_CPU_SysTickHandler
    startup_stm32f10x_hd.o(RESET) refers to hwjs.o(i.EXTI9_5_IRQHandler) for EXTI9_5_IRQHandler
    startup_stm32f10x_hd.o(RESET) refers to time.o(i.TIM4_IRQHandler) for TIM4_IRQHandler
    startup_stm32f10x_hd.o(RESET) refers to usart.o(i.USART1_IRQHandler) for USART1_IRQHandler
    startup_stm32f10x_hd.o(RESET) refers to usart.o(i.USART2_IRQHandler) for USART2_IRQHandler
    startup_stm32f10x_hd.o(RESET) refers to usart.o(i.USART3_IRQHandler) for USART3_IRQHandler
    startup_stm32f10x_hd.o(RESET) refers to hwjs.o(i.EXTI15_10_IRQHandler) for EXTI15_10_IRQHandler
    startup_stm32f10x_hd.o(.text) refers to system_stm32f10x.o(i.SystemInit) for SystemInit
    startup_stm32f10x_hd.o(.text) refers to entry.o(.ARM.Collect$$$$00000000) for __main
    stm32f10x_gpio.o(i.GPIO_AFIODeInit) refers to stm32f10x_rcc.o(i.RCC_APB2PeriphResetCmd) for RCC_APB2PeriphResetCmd
    stm32f10x_gpio.o(i.GPIO_DeInit) refers to stm32f10x_rcc.o(i.RCC_APB2PeriphResetCmd) for RCC_APB2PeriphResetCmd
    stm32f10x_rcc.o(i.RCC_GetClocksFreq) refers to stm32f10x_rcc.o(.data) for APBAHBPrescTable
    stm32f10x_rcc.o(i.RCC_WaitForHSEStartUp) refers to stm32f10x_rcc.o(i.RCC_GetFlagStatus) for RCC_GetFlagStatus
    stm32f10x_tim.o(i.TIM_DeInit) refers to stm32f10x_rcc.o(i.RCC_APB2PeriphResetCmd) for RCC_APB2PeriphResetCmd
    stm32f10x_tim.o(i.TIM_DeInit) refers to stm32f10x_rcc.o(i.RCC_APB1PeriphResetCmd) for RCC_APB1PeriphResetCmd
    stm32f10x_tim.o(i.TIM_ETRClockMode1Config) refers to stm32f10x_tim.o(i.TIM_ETRConfig) for TIM_ETRConfig
[...]
    i.DebugMon_Handler                       0x08000b2c   Section        0  stm32f10x_it.o(i.DebugMon_Handler)
    i.EXIT_15                                0x08000b30   Section        0  hwjs.o(i.EXIT_15)
    i.EXTI15_10_IRQHandler                   0x08000bd8   Section        0  hwjs.o(i.EXTI15_10_IRQHandler)
    i.EXTI9_5_IRQHandler                     0x08000cbc   Section        0  hwjs.o(i.EXTI9_5_IRQHandler)
    i.EXTI_ClearITPendingBit                 0x08000d38   Section        0  stm32f10x_exti.o(i.EXTI_ClearITPendingBit)
    i.EXTI_GetITStatus                       0x08000d44   Section        0  stm32f10x_exti.o(i.EXTI_GetITStatus)
    i.EXTI_Init                              0x08000d6c   Section        0  stm32f10x_exti.o(i.EXTI_Init)
    i.GPIO_Configuration                     0x08000e00   Section        0  voice.o(i.GPIO_Configuration)
    i.GPIO_EXTILineConfig                    0x08000e4c   Section        0  stm32f10x_gpio.o(i.GPIO_EXTILineConfig)
    i.GPIO_Init                              0x08000e8c   Section        0  stm32f10x_gpio.o(i.GPIO_Init)
    i.GPIO_ReadInputDataBit                  0x08000fa2   Section        0  stm32f10x_gpio.o(i.GPIO_ReadInputDataBit)
    i.GPIO_ResetBits                         0x08000fb4   Section        0  stm32f10x_gpio.o(i.GPIO_ResetBits)
    i.GPIO_SetBits                           0x08000fb8   Section        0  stm32f10x_gpio.o(i.GPIO_SetBits)
    i.Gps_RecToSend                          0x08000fbc   Section        0  module.o(i.Gps_RecToSend)
    i.HW_jssj                                0x08001034   Section        0  hwjs.o(i.HW_jssj)
    i.HardFault_Handler                      0x08001060   Section        0  stm32f10x_it.o(i.HardFault_Handler)
    i.Hwjs_InitA11                           0x08001064   Section        0  hwjs.o(i.Hwjs_InitA11)
    i.Hwjs_InitA12                           0x080010c0   Section        0  hwjs.o(i.Hwjs_InitA12)
    i.Hwjs_InitA15                           0x0800111c   Section        0  hwjs.o(i.Hwjs_InitA15)
    i.Hwjs_InitA7                            0x08001194   Section        0  hwjs.o(i.Hwjs_InitA7)
    i.Hwjs_InitB14                           0x08001204   Section        0  hwjs.o(i.Hwjs_InitB14)
    i.Hwjs_InitB9                            0x08001260   Section        0  hwjs.o(i.Hwjs_InitB9)
    i.Hwjs_InitC13                           0x080012bc   Section        0  hwjs.o(i.Hwjs_InitC13)
    i.IR_Poll                                0x08001318   Section        0  module.o(i.IR_Poll)
    i.Lc12s                                  0x08001420   Section        0  module.o(i.Lc12s)
    i.Lc12s_GPIO_Init                        0x08001524   Section        0  hwjs.o(i.Lc12s_GPIO_Init)
    i.Lc12s_Init                             0x08001578   Section        0  module.o(i.Lc12s_Init)
    i.Lead_Low_Time                          0x080015e0   Section        0  hwjs.o(i.Lead_Low_Time)
    i.MemManage_Handler                      0x08001628   Section        0  stm32f10x_it.o(i.MemManage_Handler)
    i.NMI_Handler                            0x0800162c   Section        0  stm32f10x_it.o(i.NMI_Handler)
    i.NVIC_Init                              0x08001630   Section        0  misc.o(i.NVIC_Init)
    i.NVIC_PriorityGroupConfig               0x080016a0   Section        0  misc.o(i.NVIC_PriorityGroupConfig)
    i.OSIntExit                              0x080016b4   Section        0  os_core.o(i.OSIntExit)
    i.OSTaskSwHook                           0x08001798   Section        0  os_cpu_c.o(i.OSTaskSwHook)
    i.OSTimeTick                             0x0800183c   Section        0  os_time.o(i.OSTimeTick)
    i.OSTimeTickHook                         0x08001880   Section        0  os_cpu_c.o(i.OSTimeTickHook)
    i.OS_CPU_SysTickHandler                  0x08001894   Section        0  os_cpu_c.o(i.OS_CPU_SysTickHandler)
    i.OS_IntQPost                            0x080018d4   Section        0  os_int.o(i.OS_IntQPost)
    i.OS_PrioGetHighest                      0x080019d8   Section        0  os_prio.o(i.OS_PrioGetHighest)
    i.OS_PrioInsert                          0x08001a00   Section        0  os_prio.o(i.OS_PrioInsert)
    i.RCC_APB1PeriphClockCmd                 0x08001a24   Section        0  stm32f10x_rcc.o(i.RCC_APB1PeriphClockCmd)
    i.RCC_APB2PeriphClockCmd                 0x08001a44   Section        0  stm32f10x_rcc.o(i.RCC_APB2PeriphClockCmd)
    i.RCC_GetClocksFreq                      0x08001a64   Section        0  stm32f10x_rcc.o(i.RCC_GetClocksFreq)
    i.SVC_Handler                            0x08001b38   Section        0  stm32f10x_it.o(i.SVC_Handler)
    i.Senddata                               0x08001b3c   Section        0  voice.o(i.Senddata)
    i.SetSysClock                            0x08001bb8   Section        0  system_stm32f10x.o(i.SetSysClock)
    SetSysClock                              0x08001bb9   Thumb Code     8  system_stm32f10x.o(i.SetSysClock)
    i.SetSysClockTo72                        0x08001bc0   Section        0  system_stm32f10x.o(i.SetSysClockTo72)
    SetSysClockTo72                          0x08001bc1   Thumb Code   214  system_stm32f10x.o(i.SetSysClockTo72)
    i.ShakeB0                                0x08001ca0   Section        0  hwjs.o(i.ShakeB0)
    i.SysTick_CLKSourceConfig                0x08001ccc   Section        0  misc.o(i.SysTick_CLKSourceConfig)
    i.SysTick_Init                           0x08001cf4   Section        0  systick.o(i.SysTick_Init)
    i.SystemInit                             0x08001d30   Section        0  system_stm32f10x.o(i.SystemInit)
    i.TIM3_Configuration                     0x08001d90   Section        0  time.o(i.TIM3_Configuration)
    i.TIM4_IRQHandler                        0x08001de4   Section        0  time.o(i.TIM4_IRQHandler)
    i.TIM4_Init                              0x08001e30   Section        0  time.o(i.TIM4_Init)
    i.TIM_ClearITPendingBit                  0x08001e94   Section        0  stm32f10x_tim.o(i.TIM_ClearITPendingBit)
    i.TIM_Cmd                                0x08001e9a   Section        0  stm32f10x_tim.o(i.TIM_Cmd)
    i.TIM_GetCounter                         0x08001eb2   Section        0  stm32f10x_tim.o(i.TIM_GetCounter)
    i.TIM_GetITStatus                        0x08001eb8   Section        0  stm32f10x_tim.o(i.TIM_GetITStatus)
    i.TIM_ITConfig                           0x08001eda   Section        0  stm32f10x_tim.o(i.TIM_ITConfig)
    i.TIM_SetCounter                         0x08001eec   Section        0  stm32f10x_tim.o(i.TIM_SetCounter)
    i.TIM_TimeBaseInit                       0x08001ef0   Section        0  stm32f10x_tim.o(i.TIM_TimeBaseInit)
    i.UART_PutChar                           0x08001f94   Section        0  usart.o(i.UART_PutChar)
    i.USART1_IRQHandler                      0x08001fb4   Section        0  usart.o(i.USART1_IRQHandler)
    i.USART1_Init                            0x08002014   Section        0  usart.o(i.USART1_Init)
    i.USART1_printf                          0x080020d8   Section        0  usart.o(i.USART1_printf)
    i.USART2_IRQHandler                      0x08002130   Section        0  usart.o(i.USART2_IRQHandler)
    i.USART2_Init                            0x080021c8   Section        0  usart.o(i.USART2_Init)
    i.USART2_printf                          0x08002270   Section        0  usart.o(i.USART2_printf)
    i.USART3_IRQHandler                      0x080022c8   Section        0  usart.o(i.USART3_IRQHandler)
    i.USART3_Init                            0x08002328   Section        0  usart.o(i.USART3_Init)
    i.USART3_Send                            0x080023e4   Section        0  module.o(i.USART3_Send)
    i.USART3_printf                          0x0800244c   Section        0  usart.o(i.USART3_printf)
    i.USART_ClearFlag                        0x080024a4   Section        0  stm32f10x_usart.o(i.USART_ClearFlag)
    i.USART_ClearITPendingBit                0x080024b6   Section        0  stm32f10x_usart.o(i.USART_ClearITPendingBit)
    i.USART_Cmd                              0x080024d4   Section        0  stm32f10x_usart.o(i.USART_Cmd)
    i.USART_GetFlagStatus                    0x080024ec   Section        0  stm32f10x_usart.o(i.USART_GetFlagStatus)
    i.USART_GetITStatus                      0x08002506   Section        0  stm32f10x_usart.o(i.USART_GetITStatus)
    i.USART_ITConfig                         0x0800255a   Section        0  stm32f10x_usart.o(i.USART_ITConfig)
    i.USART_Init                             0x080025a4   Section        0  stm32f10x_usart.o(i.USART_Init)
    i.USART_ReceiveData                      0x0800267c   Section        0  stm32f10x_usart.o(i.USART_ReceiveData)
    i.USART_SendData                         0x08002686   Section        0  stm32f10x_usart.o(i.USART_SendData)
    i.UsageFault_Handler                     0x0800268e   Section        0  stm32f10x_it.o(i.UsageFault_Handler)
    i.Usart3_Receive                         0x08002694   Section        0  module.o(i.Usart3_Receive)
    i.Usart_Receive                          0x08002800   Section        0  module.o(i.Usart_Receive)
    i.__0sprintf                             0x08002910   Section        0  printfa.o(i.__0sprintf)
    i.__0vsnprintf                           0x08002938   Section        0  printfa.o(i.__0vsnprintf)
    i.__aeabi_errno_addr                     0x08002964   Section        0  errno.o(i.__aeabi_errno_addr)
    i.__scatterload_copy                     0x0800296c   Section       14  handlers.o(i.__scatterload_copy)
    i.__scatterload_null                     0x0800297a   Section        2  handlers.o(i.__scatterload_null)
    i.__scatterload_zeroinit                 0x0800297c   Section       14  handlers.o(i.__scatterload_zeroinit)
    i._fp_digits                             0x0800298c   Section        0  printfa.o(i._fp_digits)
    _fp_digits                               0x0800298d   Thumb Code   366  printfa.o(i._fp_digits)
    i._printf_core                           0x08002b10   Section        0  printfa.o(i._printf_core)
    _printf_core                             0x08002b11   Thumb Code  1744  printfa.o(i._printf_core)
    i._printf_post_padding                   0x080031ec   Section        0  printfa.o(i._printf_post_padding)
    _printf_post_padding                     0x080031ed   Thumb Code    36  printfa.o(i._printf_post_padding)
    i._printf_pre_padding                    0x08003210   Section        0  printfa.o(i._printf_pre_padding)
    _printf_pre_padding                      0x08003211   Thumb Code    46  printfa.o(i._printf_pre_padding)
    i._snputc                                0x0800323e   Section        0  printfa.o(i._snputc)
    _snputc                                  0x0800323f   Thumb Code    22  printfa.o(i._snputc)
    i._sputc                                 0x08003254   Section        0  printfa.o(i._sputc)
    _sputc                                   0x08003255   Thumb Code    10  printfa.o(i._sputc)
    i.clrStruct                              0x08003260   Section        0  usart.o(i.clrStruct)
    i.delay_ms                               0x080032ac   Section        0  systick.o(i.delay_ms)
    i.delay_us                               0x080032f8   Section        0  systick.o(i.delay_us)
    i.errorLog                               0x08003344   Section        0  gps.o(i.errorLog)
    i.free                                   0x08003368   Section        0  malloc.o(i.free)
    i.getDataSize                            0x080033b8   Section        0  function.o(i.getDataSize)
    i.gpsinit                                0x080033c4   Section        0  gps.o(i.gpsinit)
    i.main                                   0x0800350c   Section        0  main.o(i.main)
    i.malloc                                 0x080035ec   Section        0  malloc.o(i.malloc)
    i.mergeData                              0x08003658   Section        0  function.o(i.mergeData)
    i.newMergedData                          0x080036e8   Section        0  function.o(i.newMergedData)
    i.parseGpsBuffer                         0x08003710   Section        0  gps.o(i.parseGpsBuffer)
    i.printGpsBuffer                         0x080037f8   Section        0  gps.o(i.printGpsBuffer)
    i.reverse_bit8                           0x08003928   Section        0  function.o(i.reverse_bit8)
    i.strHexToUint8Array                     0x08003950   Section        0  function.o(i.strHexToUint8Array)
    .constdata                               0x080039e0   Section      164  os_cfg_app.o(.constdata)
    .constdata                               0x08003a84   Section      129  ctype_o.o(.constdata)
    .constdata                               0x08003b08   Section        4  ctype_o.o(.constdata)
    table                                    0x08003b08   Data           4  ctype_o.o(.constdata)
    .conststring                             0x08003b0c   Section        5  module.o(.conststring)
    .conststring                             0x08003b14   Section        2  usart.o(.conststring)
    .data                                    0x20000000   Section       20  stm32f10x_rcc.o(.data)
    APBAHBPrescTable                         0x20000000   Data          16  stm32f10x_rcc.o(.data)
    ADCPrescTable                            0x20000010   Data           4  stm32f10x_rcc.o(.data)
    .data                                    0x20000014   Section      144  hwjs.o(.data)
    .data                                    0x200000a4   Section      305  module.o(.data)
    .data                                    0x200001d6   Section        4  systick.o(.data)
    fac_us                                   0x200001d6   Data           1  systick.o(.data)
    fac_ms                                   0x200001d8   Data           2  systick.o(.data)
    .data                                    0x200001dc   Section       64  usart.o(.data)
    .data                                    0x2000021c   Section       28  cpu_core.o(.data)
    .data                                    0x20000238   Section        4  os_prio.o(.data)
    .data                                    0x2000023c   Section      208  os_var.o(.data)
    .data                                    0x2000030c   Section        4  os_cpu_c.o(.data)
    .data                                    0x20000310   Section        4  strtok.o(.data)
    state                                    0x20000310   Data           4  strtok.o(.data)
    .data                                    0x20000314   Section        4  mvars.o(.data)
    .data                                    0x20000318   Section        4  mvars.o(.data)
    .data                                    0x2000031c   Section        4  errno.o(.data)
    _errno                                   0x2000031c   Data           4  errno.o(.data)
    .bss                                     0x20000320   Section     1048  module.o(.bss)
    .bss                                     0x20000738   Section      541  usart.o(.bss)
    .bss                                     0x20000958   Section     5264  os_cfg_app.o(.bss)
    .bss                                     0x20001de8   Section     1396  os_var.o(.bss)
    HEAP                                     0x20002360   Section      512  startup_stm32f10x_hd.o(HEAP)
    STACK                                    0x20002560   Section     1024  startup_stm32f10x_hd.o(STACK)

    Global Symbols

    Symbol Name                              Value     Ov Type        Size  Object(Section)

    BuildAttributes$$THM_ISAv4$P$D$K$B$S$PE$A:L22UL41UL21$X:L11$S22US41US21$IEEE1$IW$USESV6$~STKCKD$USESV7$~SHL$OSPACE$ROPI$EBA8$MICROLIB$REQ8$PRES8$EABIv2 0x00000000   Number         0  anon$$obj.o ABSOLUTE
    __ARM_use_no_argv                        0x00000000   Number         0  main.o ABSOLUTE
    _printf_a                                0x00000000   Number         0  stubs.o ABSOLUTE
    _printf_c                                0x00000000   Number         0  stubs.o ABSOLUTE
    _printf_charcount                        0x00000000   Number         0  stubs.o ABSOLUTE
    _printf_d                                0x00000000   Number         0  stubs.o ABSOLUTE
    _printf_e                                0x00000000   Number         0  stubs.o ABSOLUTE
    _printf_f                                0x00000000   Number         0  stubs.o ABSOLUTE
    _printf_flags                            0x00000000   Number         0  stubs.o ABSOLUTE
    _printf_fp_dec                           0x00000000   Number         0  stubs.o ABSOLUTE
    _printf_fp_hex                           0x00000000   Number         0  stubs.o ABSOLUTE
    _printf_g                                0x00000000   Number         0  stubs.o ABSOLUTE
    _printf_i                                0x00000000   Number         0  stubs.o ABSOLUTE
    _printf_int_dec                          0x00000000   Number         0  stubs.o ABSOLUTE
    _printf_l                                0x00000000   Number         0  stubs.o ABSOLUTE
    _printf_lc                               0x00000000   Number         0  stubs.o ABSOLUTE
    _printf_ll                               0x00000000   Number         0  stubs.o ABSOLUTE
    _printf_lld                              0x00000000   Number         0  stubs.o ABSOLUTE
    _printf_lli                              0x00000000   Number         0  stubs.o ABSOLUTE
    _printf_llo                              0x00000000   Number         0  stubs.o ABSOLUTE
    _printf_llu                              0x00000000   Number         0  stubs.o ABSOLUTE
    _printf_llx                              0x00000000   Number         0  stubs.o ABSOLUTE
    _printf_longlong_dec                     0x00000000   Number         0  stubs.o ABSOLUTE
    _printf_longlong_hex                     0x00000000   Number         0  stubs.o ABSOLUTE
    _printf_longlong_oct                     0x00000000   Number         0  stubs.o ABSOLUTE
    _printf_ls                               0x00000000   Number         0  stubs.o ABSOLUTE
    _printf_mbtowc                           0x00000000   Number         0  stubs.o ABSOLUTE
    _printf_n                                0x00000000   Number         0  stubs.o ABSOLUTE
    _printf_o                                0x00000000   Number         0  stubs.o ABSOLUTE
    _printf_p                                0x00000000   Number         0  stubs.o ABSOLUTE
    _printf_percent                          0x00000000   Number         0  stubs.o ABSOLUTE
    _printf_pre_padding                      0x00000000   Number         0  stubs.o ABSOLUTE
    _printf_return_value                     0x00000000   Number         0  stubs.o ABSOLUTE
    _printf_s                                0x00000000   Number         0  stubs.o ABSOLUTE
    _printf_sizespec                         0x00000000   Number         0  stubs.o ABSOLUTE
    _printf_str                              0x00000000   Number         0  stubs.o ABSOLUTE
    _printf_truncate_signed                  0x00000000   Number         0  stubs.o ABSOLUTE
    _printf_truncate_unsigned                0x00000000   Number         0  stubs.o ABSOLUTE
    _printf_u                                0x00000000   Number         0  stubs.o ABSOLUTE
    _printf_wc                               0x00000000   Number         0  stubs.o ABSOLUTE
    _printf_wctomb                           0x00000000   Number         0  stubs.o ABSOLUTE
    _printf_widthprec                        0x00000000   Number         0  stubs.o ABSOLUTE
    _printf_x                                0x00000000   Number         0  stubs.o ABSOLUTE
    __cpp_initialize__aeabi_                  - Undefined Weak Reference
    __cxa_finalize                            - Undefined Weak Reference
    _clock_init                               - Undefined Weak Reference
    _microlib_exit                            - Undefined Weak Reference
    __Vectors_Size                           0x00000130   Number         0  startup_stm32f10x_hd.o ABSOLUTE
    __Vectors                                0x08000000   Data           4  startup_stm32f10x_hd.o(RESET)
    __Vectors_End                            0x08000130   Data           0  startup_stm32f10x_hd.o(RESET)
    __main                                   0x08000131   Thumb Code     0  entry.o(.ARM.Collect$$$$00000000)
    _main_stk                                0x08000131   Thumb Code     0  entry2.o(.ARM.Collect$$$$00000001)
    _main_scatterload                        0x08000135   Thumb Code     0  entry5.o(.ARM.Collect$$$$00000004)
    __main_after_scatterload                 0x08000139   Thumb Code     0  entry5.o(.ARM.Collect$$$$00000004)
    _main_clock                              0x08000139   Thumb Code     0  entry7b.o(.ARM.Collect$$$$00000008)
    _main_cpp_init                           0x08000139   Thumb Code     0  entry8b.o(.ARM.Collect$$$$0000000A)
    _main_init                               0x08000139   Thumb Code     0  entry9a.o(.ARM.Collect$$$$0000000B)
    __rt_final_cpp                           0x08000141   Thumb Code     0  entry10a.o(.ARM.Collect$$$$0000000D)
    __rt_final_exit                          0x08000141   Thumb Code     0  entry11a.o(.ARM.Collect$$$$0000000F)
    Reset_Handler                            0x08000145   Thumb Code     8  startup_stm32f10x_hd.o(.text)
    ADC1_2_IRQHandler                        0x0800015f   Thumb Code     0  startup_stm32f10x_hd.o(.text)
    ADC3_IRQHandler                          0x0800015f   Thumb Code     0  startup_stm32f10x_hd.o(.text)
    CAN1_RX1_IRQHandler                      0x0800015f   Thumb Code     0  startup_stm32f10x_hd.o(.text)
    CAN1_SCE_IRQHandler                      0x0800015f   Thumb Code     0  startup_stm32f10x_hd.o(.text)
    DMA1_Channel1_IRQHandler                 0x0800015f   Thumb Code     0  startup_stm32f10x_hd.o(.text)
    DMA1_Channel2_IRQHandler                 0x0800015f   Thumb Code     0  startup_stm32f10x_hd.o(.text)
    DMA1_Channel3_IRQHandler                 0x0800015f   Thumb Code     0  startup_stm32f10x_hd.o(.text)
    DMA1_Channel4_IRQHandler                 0x0800015f   Thumb Code     0  startup_stm32f10x_hd.o(.text)
    DMA1_Channel5_IRQHandler                 0x0800015f   Thumb Code     0  startup_stm32f10x_hd.o(.text)
    DMA1_Channel6_IRQHandler                 0x0800015f   Thumb Code     0  startup_stm32f10x_hd.o(.text)
    DMA1_Channel7_IRQHandler                 0x0800015f   Thumb Code     0  startup_stm32f10x_hd.o(.text)
    DMA2_Channel1_IRQHandler                 0x0800015f   Thumb Code     0  startup_stm32f10x_hd.o(.text)
    DMA2_Channel2_IRQHandler                 0x0800015f   Thumb Code     0  startup_stm32f10x_hd.o(.text)
    DMA2_Channel3_IRQHandler                 0x0800015f   Thumb Code     0  startup_stm32f10x_hd.o(.text)
    DMA2_Channel4_5_IRQHandler               0x0800015f   Thumb Code     0  startup_stm32f10x_hd.o(.text)
    EXTI0_IRQHandler                         0x0800015f   Thumb Code     0  startup_stm32f10x_hd.o(.text)
    EXTI1_IRQHandler                         0x0800015f   Thumb Code     0  startup_stm32f10x_hd.o(.text)
    EXTI2_IRQHandler                         0x0800015f   Thumb Code     0  startup_stm32f10x_hd.o(.text)
    EXTI3_IRQHandler                         0x0800015f   Thumb Code     0  startup_stm32f10x_hd.o(.text)
    EXTI4_IRQHandler                         0x0800015f   Thumb Code     0  startup_stm32f10x_hd.o(.text)
    FLASH_IRQHandler                         0x0800015f   Thumb Code     0  startup_stm32f10x_hd.o(.text)
    FSMC_IRQHandler                          0x0800015f   Thumb Code     0  startup_stm32f10x_hd.o(.text)
    I2C1_ER_IRQHandler                       0x0800015f   Thumb Code     0  startup_stm32f10x_hd.o(.text)
    I2C1_EV_IRQHandler                       0x0800015f   Thumb Code     0  startup_stm32f10x_hd.o(.text)
    I2C2_ER_IRQHandler                       0x0800015f   Thumb Code     0  startup_stm32f10x_hd.o(.text)
    I2C2_EV_IRQHandler                       0x0800015f   Thumb Code     0  startup_stm32f10x_hd.o(.text)
    PVD_IRQHandler                           0x0800015f   Thumb Code     0  startup_stm32f10x_hd.o(.text)
    RCC_IRQHandler                           0x0800015f   Thumb Code     0  startup_stm32f10x_hd.o(.text)
    RTCAlarm_IRQHandler                      0x0800015f   Thumb Code     0  startup_stm32f10x_hd.o(.text)
    RTC_IRQHandler                           0x0800015f   Thumb Code     0  startup_stm32f10x_hd.o(.text)
    SDIO_IRQHandler                          0x0800015f   Thumb Code     0  startup_stm32f10x_hd.o(.text)
    SPI1_IRQHandler                          0x0800015f   Thumb Code     0  startup_stm32f10x_hd.o(.text)
    SPI2_IRQHandler                          0x0800015f   Thumb Code     0  startup_stm32f10x_hd.o(.text)
    SPI3_IRQHandler                          0x0800015f   Thumb Code     0  startup_stm32f10x_hd.o(.text)
    TAMPER_IRQHandler                        0x0800015f   Thumb Code     0  startup_stm32f10x_hd.o(.text)
    TIM1_BRK_IRQHandler                      0x0800015f   Thumb Code     0  startup_stm32f10x_hd.o(.text)
    TIM1_CC_IRQHandler                       0x0800015f   Thumb Code     0  startup_stm32f10x_hd.o(.text)
    TIM1_TRG_COM_IRQHandler                  0x0800015f   Thumb Code     0  startup_stm32f10x_hd.o(.text)
    TIM1_UP_IRQHandler                       0x0800015f   Thumb Code     0  startup_stm32f10x_hd.o(.text)
    TIM2_IRQHandler                          0x0800015f   Thumb Code     0  startup_stm32f10x_hd.o(.text)
    TIM3_IRQHandler                          0x0800015f   Thumb Code     0  startup_stm32f10x_hd.o(.text)
    TIM5_IRQHandler                          0x0800015f   Thumb Code     0  startup_stm32f10x_hd.o(.text)
    TIM6_IRQHandler                          0x0800015f   Thumb Code     0  startup_stm32f10x_hd.o(.text)
    TIM7_IRQHandler                          0x0800015f   Thumb Code     0  startup_stm32f10x_hd.o(.text)
    TIM8_BRK_IRQHandler                      0x0800015f   Thumb Code     0  startup_stm32f10x_hd.o(.text)
    TIM8_CC_IRQHandler                       0x0800015f   Thumb Code     0  startup_stm32f10x_hd.o(.text)
    TIM8_TRG_COM_IRQHandler                  0x0800015f   Thumb Code     0  startup_stm32f10x_hd.o(.text)
    TIM8_UP_IRQHandler                       0x0800015f   Thumb Code     0  startup_stm32f10x_hd.o(.text)
    UART4_IRQHandler                         0x0800015f   Thumb Code     0  startup_stm32f10x_hd.o(.text)
    UART5_IRQHandler                         0x0800015f   Thumb Code     0  startup_stm32f10x_hd.o(.text)
    USBWakeUp_IRQHandler                     0x0800015f   Thumb Code     0  startup_stm32f10x_hd.o(.text)
    USB_HP_CAN1_TX_IRQHandler                0x0800015f   Thumb Code     0  startup_stm32f10x_hd.o(.text)
    USB_LP_CAN1_RX0_IRQHandler               0x0800015f   Thumb Code     0  startup_stm32f10x_hd.o(.text)
    WWDG_IRQHandler                          0x0800015f   Thumb Code     0  startup_stm32f10x_hd.o(.text)
    CPU_IntDis                               0x08000169   Thumb Code     0  cpu_a.o(.text)
    CPU_IntEn                                0x0800016d   Thumb Code     0  cpu_a.o(.text)
    CPU_SR_Save                              0x08000171   Thumb Code     0  cpu_a.o(.text)
    CPU_SR_Restore                           0x08000179   Thumb Code     0  cpu_a.o(.text)
    CPU_WaitForInt                           0x0800017f   Thumb Code     0  cpu_a.o(.text)
    CPU_WaitForExcept                        0x08000183   Thumb Code     0  cpu_a.o(.text)
    CPU_CntLeadZeros                         0x08000187   Thumb Code     0  cpu_a.o(.text)
    CPU_CntTrailZeros                        0x0800018d   Thumb Code     0  cpu_a.o(.text)
    CPU_RevBits                              0x08000197   Thumb Code     0  cpu_a.o(.text)
    __aeabi_memcpy                           0x0800019d   Thumb Code    36  memcpya.o(.text)
    __aeabi_memcpy4                          0x0800019d   Thumb Code     0  memcpya.o(.text)
    __aeabi_memcpy8                          0x0800019d   Thumb Code     0  memcpya.o(.text)
    __aeabi_memset                           0x080001c1   Thumb Code    14  memseta.o(.text)
    __aeabi_memset4                          0x080001c1   Thumb Code     0  memseta.o(.text)
    __aeabi_memset8                          0x080001c1   Thumb Code     0  memseta.o(.text)
    __aeabi_memclr                           0x080001cf   Thumb Code     4  memseta.o(.text)
    __aeabi_memclr4                          0x080001cf   Thumb Code     0  memseta.o(.text)
    __aeabi_memclr8                          0x080001cf   Thumb Code     0  memseta.o(.text)
    _memset$wrapper                          0x080001d3   Thumb Code    18  memseta.o(.text)
    strcat                                   0x080001e5   Thumb Code    24  strcat.o(.text)
    strstr                                   0x080001fd   Thumb Code    36  strstr.o(.text)
    strncpy                                  0x08000221   Thumb Code    24  strncpy.o(.text)
    strlen                                   0x08000239   Thumb Code    14  strlen.o(.text)
    strcpy                                   0x08000247   Thumb Code    18  strcpy.o(.text)
    strtok                                   0x08000259   Thumb Code    62  strtok.o(.text)
    atoi                                     0x0800029d   Thumb Code    26  atoi.o(.text)
    __aeabi_uidiv                            0x080002b7   Thumb Code     0  uidiv.o(.text)
    __aeabi_uidivmod                         0x080002b7   Thumb Code    44  uidiv.o(.text)
    __aeabi_uldivmod                         0x080002e3   Thumb Code    98  uldiv.o(.text)
    strtol                                   0x08000345   Thumb Code   112  strtol.o(.text)
    __I$use$fp                               0x080003b5   Thumb Code     0  iusefp.o(.text)
    __aeabi_dadd                             0x080003b5   Thumb Code   322  dadd.o(.text)
    __aeabi_dsub                             0x080004f7   Thumb Code     6  dadd.o(.text)
    __aeabi_drsub                            0x080004fd   Thumb Code     6  dadd.o(.text)
    __aeabi_dmul                             0x08000503   Thumb Code   228  dmul.o(.text)
    __aeabi_ddiv                             0x080005e7   Thumb Code   222  ddiv.o(.text)
    __aeabi_d2ulz                            0x080006c5   Thumb Code    48  dfixul.o(.text)
    __aeabi_cdrcmple                         0x080006f5   Thumb Code    48  cdrcmple.o(.text)
    __scatterload                            0x08000725   Thumb Code    28  init.o(.text)
    __scatterload_rt2                        0x08000725   Thumb Code     0  init.o(.text)
    __aeabi_llsl                             0x08000749   Thumb Code    30  llshl.o(.text)
    _ll_shift_l                              0x08000749   Thumb Code     0  llshl.o(.text)
    __aeabi_llsr                             0x08000767   Thumb Code    32  llushr.o(.text)
    _ll_ushift_r                             0x08000767   Thumb Code     0  llushr.o(.text)
    __aeabi_lasr                             0x08000787   Thumb Code    36  llsshr.o(.text)
    _ll_sshift_r                             0x08000787   Thumb Code     0  llsshr.o(.text)
    __rt_ctype_table                         0x080007ad   Thumb Code     4  ctype_o.o(.text)
    _strtoul                                 0x080007b5   Thumb Code   158  _strtoul.o(.text)
    _double_round                            0x08000853   Thumb Code    30  depilogue.o(.text)
    _double_epilogue                         0x08000871   Thumb Code   156  depilogue.o(.text)
    _chval                                   0x0800090d   Thumb Code    28  _chval.o(.text)
    __decompress                             0x08000929   Thumb Code     0  __dczerorl2.o(.text)
    __decompress1                            0x08000929   Thumb Code    86  __dczerorl2.o(.text)
    OSStartHighRdy                           0x08000981   Thumb Code     0  os_cpu_a.o(CODE)
    OS_CPU_PendSVHandler                     0x080009a3   Thumb Code     0  os_cpu_a.o(CODE)
    BusFault_Handler                         0x08000a05   Thumb Code     4  stm32f10x_it.o(i.BusFault_Handler)
    CLR_Buf                                  0x08000a09   Thumb Code    18  usart.o(i.CLR_Buf)
    CPU_IntDisMeasMaxCurGet                  0x08000a41   Thumb Code    40  cpu_core.o(i.CPU_IntDisMeasMaxCurGet)
    CPU_IntDisMeasMaxCurReset                0x08000a6d   Thumb Code    40  cpu_core.o(i.CPU_IntDisMeasMaxCurReset)
    CPU_IntDisMeasStart                      0x08000a99   Thumb Code    38  cpu_core.o(i.CPU_IntDisMeasStart)
    CPU_IntDisMeasStop                       0x08000acd   Thumb Code    62  cpu_core.o(i.CPU_IntDisMeasStop)
    CPU_TS_TmrRd                             0x08000b21   Thumb Code     6  bsp.o(i.CPU_TS_TmrRd)
    DebugMon_Handler                         0x08000b2d   Thumb Code     2  stm32f10x_it.o(i.DebugMon_Handler)
    EXIT_15                                  0x08000b31   Thumb Code   150  hwjs.o(i.EXIT_15)
    EXTI15_10_IRQHandler                     0x08000bd9   Thumb Code   208  hwjs.o(i.EXTI15_10_IRQHandler)
    EXTI9_5_IRQHandler                       0x08000cbd   Thumb Code   102  hwjs.o(i.EXTI9_5_IRQHandler)
    EXTI_ClearITPendingBit                   0x08000d39   Thumb Code     6  stm32f10x_exti.o(i.EXTI_ClearITPendingBit)
    EXTI_GetITStatus                         0x08000d45   Thumb Code    34  stm32f10x_exti.o(i.EXTI_GetITStatus)
    EXTI_Init                                0x08000d6d   Thumb Code   142  stm32f10x_exti.o(i.EXTI_Init)
    GPIO_Configuration                       0x08000e01   Thumb Code    72  voice.o(i.GPIO_Configuration)
    GPIO_EXTILineConfig                      0x08000e4d   Thumb Code    60  stm32f10x_gpio.o(i.GPIO_EXTILineConfig)
    GPIO_Init                                0x08000e8d   Thumb Code   278  stm32f10x_gpio.o(i.GPIO_Init)
    GPIO_ReadInputDataBit                    0x08000fa3   Thumb Code    18  stm32f10x_gpio.o(i.GPIO_ReadInputDataBit)
    GPIO_ResetBits                           0x08000fb5   Thumb Code     4  stm32f10x_gpio.o(i.GPIO_ResetBits)
    GPIO_SetBits                             0x08000fb9   Thumb Code     4  stm32f10x_gpio.o(i.GPIO_SetBits)
    Gps_RecToSend                            0x08000fbd   Thumb Code    98  module.o(i.Gps_RecToSend)
    HW_jssj                                  0x08001035   Thumb Code    44  hwjs.o(i.HW_jssj)
    HardFault_Handler                        0x08001061   Thumb Code     4  stm32f10x_it.o(i.HardFault_Handler)
    Hwjs_InitA11                             0x08001065   Thumb Code    86  hwjs.o(i.Hwjs_InitA11)
    Hwjs_InitA12                             0x080010c1   Thumb Code    86  hwjs.o(i.Hwjs_InitA12)
    Hwjs_InitA15                             0x0800111d   Thumb Code   114  hwjs.o(i.Hwjs_InitA15)
    Hwjs_InitA7                              0x08001195   Thumb Code   108  hwjs.o(i.Hwjs_InitA7)
    Hwjs_InitB14                             0x08001205   Thumb Code    86  hwjs.o(i.Hwjs_InitB14)
    Hwjs_InitB9                              0x08001261   Thumb Code    86  hwjs.o(i.Hwjs_InitB9)
    Hwjs_InitC13                             0x080012bd   Thumb Code    86  hwjs.o(i.Hwjs_InitC13)
    IR_Poll                                  0x08001319   Thumb Code   210  module.o(i.IR_Poll)
    Lc12s                                    0x08001421   Thumb Code   230  module.o(i.Lc12s)
    Lc12s_GPIO_Init                          0x08001525   Thumb Code    76  hwjs.o(i.Lc12s_GPIO_Init)
    Lc12s_Init                               0x08001579   Thumb Code    86  module.o(i.Lc12s_Init)
    Lead_Low_Time                            0x080015e1   Thumb Code    62  hwjs.o(i.Lead_Low_Time)
    MemManage_Handler                        0x08001629   Thumb Code     4  stm32f10x_it.o(i.MemManage_Handler)
    NMI_Handler                              0x0800162d   Thumb Code     2  stm32f10x_it.o(i.NMI_Handler)
    NVIC_Init                                0x08001631   Thumb Code   100  misc.o(i.NVIC_Init)
    NVIC_PriorityGroupConfig                 0x080016a1   Thumb Code    10  misc.o(i.NVIC_PriorityGroupConfig)
    OSIntExit                                0x080016b5   Thumb Code   192  os_core.o(i.OSIntExit)
    OSTaskSwHook                             0x08001799   Thumb Code   146  os_cpu_c.o(i.OSTaskSwHook)
    OSTimeTick                               0x0800183d   Thumb Code    54  os_time.o(i.OSTimeTick)
    OSTimeTickHook                           0x08001881   Thumb Code    16  os_cpu_c.o(i.OSTimeTickHook)
    OS_CPU_SysTickHandler                    0x08001895   Thumb Code    60  os_cpu_c.o(i.OS_CPU_SysTickHandler)
    OS_IntQPost                              0x080018d5   Thumb Code   224  os_int.o(i.OS_IntQPost)
    OS_PrioGetHighest                        0x080019d9   Thumb Code    36  os_prio.o(i.OS_PrioGetHighest)
    OS_PrioInsert                            0x08001a01   Thumb Code    32  os_prio.o(i.OS_PrioInsert)
    RCC_APB1PeriphClockCmd                   0x08001a25   Thumb Code    26  stm32f10x_rcc.o(i.RCC_APB1PeriphClockCmd)
    RCC_APB2PeriphClockCmd                   0x08001a45   Thumb Code    26  stm32f10x_rcc.o(i.RCC_APB2PeriphClockCmd)
    RCC_GetClocksFreq                        0x08001a65   Thumb Code   192  stm32f10x_rcc.o(i.RCC_GetClocksFreq)
    SVC_Handler                              0x08001b39   Thumb Code     2  stm32f10x_it.o(i.SVC_Handler)
    Senddata                                 0x08001b3d   Thumb Code   120  voice.o(i.Senddata)
    ShakeB0                                  0x08001ca1   Thumb Code    38  hwjs.o(i.ShakeB0)
    SysTick_CLKSourceConfig                  0x08001ccd   Thumb Code    40  misc.o(i.SysTick_CLKSourceConfig)
    SysTick_Init                             0x08001cf5   Thumb Code    52  systick.o(i.SysTick_Init)
    SystemInit                               0x08001d31   Thumb Code    78  system_stm32f10x.o(i.SystemInit)
    TIM3_Configuration                       0x08001d91   Thumb Code    78  time.o(i.TIM3_Configuration)
    TIM4_IRQHandler                          0x08001de5   Thumb Code    56  time.o(i.TIM4_IRQHandler)
    TIM4_Init                                0x08001e31   Thumb Code    96  time.o(i.TIM4_Init)
    TIM_ClearITPendingBit                    0x08001e95   Thumb Code     6  stm32f10x_tim.o(i.TIM_ClearITPendingBit)
    TIM_Cmd                                  0x08001e9b   Thumb Code    24  stm32f10x_tim.o(i.TIM_Cmd)
    TIM_GetCounter                           0x08001eb3   Thumb Code     6  stm32f10x_tim.o(i.TIM_GetCounter)
    TIM_GetITStatus                          0x08001eb9   Thumb Code    34  stm32f10x_tim.o(i.TIM_GetITStatus)
    TIM_ITConfig                             0x08001edb   Thumb Code    18  stm32f10x_tim.o(i.TIM_ITConfig)
    TIM_SetCounter                           0x08001eed   Thumb Code     4  stm32f10x_tim.o(i.TIM_SetCounter)
    TIM_TimeBaseInit                         0x08001ef1   Thumb Code   122  stm32f10x_tim.o(i.TIM_TimeBaseInit)
    UART_PutChar                             0x08001f95   Thumb Code    30  usart.o(i.UART_PutChar)
    USART1_IRQHandler                        0x08001fb5   Thumb Code    80  usart.o(i.USART1_IRQHandler)
    USART1_Init                              0x08002015   Thumb Code   188  usart.o(i.USART1_Init)
    USART1_printf                            0x080020d9   Thumb Code    82  usart.o(i.USART1_printf)
    USART2_IRQHandler                        0x08002131   Thumb Code   134  usart.o(i.USART2_IRQHandler)
    USART2_Init                              0x080021c9   Thumb Code   158  usart.o(i.USART2_Init)
    USART2_printf                            0x08002271   Thumb Code    82  usart.o(i.USART2_printf)
    USART3_IRQHandler                        0x080022c9   Thumb Code    80  usart.o(i.USART3_IRQHandler)
    USART3_Init                              0x08002329   Thumb Code   180  usart.o(i.USART3_Init)
    USART3_Send                              0x080023e5   Thumb Code    86  module.o(i.USART3_Send)
    USART3_printf                            0x0800244d   Thumb Code    82  usart.o(i.USART3_printf)
    USART_ClearFlag                          0x080024a5   Thumb Code    18  stm32f10x_usart.o(i.USART_ClearFlag)
    USART_ClearITPendingBit                  0x080024b7   Thumb Code    30  stm32f10x_usart.o(i.USART_ClearITPendingBit)
    USART_Cmd                                0x080024d5   Thumb Code    24  stm32f10x_usart.o(i.USART_Cmd)
    USART_GetFlagStatus                      0x080024ed   Thumb Code    26  stm32f10x_usart.o(i.USART_GetFlagStatus)
    USART_GetITStatus                        0x08002507   Thumb Code    84  stm32f10x_usart.o(i.USART_GetITStatus)
    USART_ITConfig                           0x0800255b   Thumb Code    74  stm32f10x_usart.o(i.USART_ITConfig)
    USART_Init                               0x080025a5   Thumb Code   210  stm32f10x_usart.o(i.USART_Init)
    USART_ReceiveData                        0x0800267d   Thumb Code    10  stm32f10x_usart.o(i.USART_ReceiveData)
    USART_SendData                           0x08002687   Thumb Code     8  stm32f10x_usart.o(i.USART_SendData)
    UsageFault_Handler                       0x0800268f   Thumb Code     4  stm32f10x_it.o(i.UsageFault_Handler)
    Usart3_Receive                           0x08002695   Thumb Code   324  module.o(i.Usart3_Receive)
    Usart_Receive                            0x08002801   Thumb Code   202  module.o(i.Usart_Receive)
    __0sprintf                               0x08002911   Thumb Code    34  printfa.o(i.__0sprintf)
    __1sprintf                               0x08002911   Thumb Code     0  printfa.o(i.__0sprintf)
    __2sprintf                               0x08002911   Thumb Code     0  printfa.o(i.__0sprintf)
    __c89sprintf                             0x08002911   Thumb Code     0  printfa.o(i.__0sprintf)
    sprintf                                  0x08002911   Thumb Code     0  printfa.o(i.__0sprintf)
    __0vsnprintf                             0x08002939   Thumb Code    40  printfa.o(i.__0vsnprintf)
    __1vsnprintf                             0x08002939   Thumb Code     0  printfa.o(i.__0vsnprintf)
    __2vsnprintf                             0x08002939   Thumb Code     0  printfa.o(i.__0vsnprintf)
    __c89vsnprintf                           0x08002939   Thumb Code     0  printfa.o(i.__0vsnprintf)
    vsnprintf                                0x08002939   Thumb Code     0  printfa.o(i.__0vsnprintf)
    __aeabi_errno_addr                       0x08002965   Thumb Code     4  errno.o(i.__aeabi_errno_addr)
    __rt_errno_addr                          0x08002965   Thumb Code     0  errno.o(i.__aeabi_errno_addr)
    __scatterload_copy                       0x0800296d   Thumb Code    14  handlers.o(i.__scatterload_copy)
    __scatterload_null                       0x0800297b   Thumb Code     2  handlers.o(i.__scatterload_null)
    __scatterload_zeroinit                   0x0800297d   Thumb Code    14  handlers.o(i.__scatterload_zeroinit)
    clrStruct                                0x08003261   Thumb Code    72  usart.o(i.clrStruct)
    delay_ms                                 0x080032ad   Thumb Code    72  systick.o(i.delay_ms)
    delay_us                                 0x080032f9   Thumb Code    72  systick.o(i.delay_us)
    errorLog                                 0x08003345   Thumb Code    22  gps.o(i.errorLog)
    free                                     0x08003369   Thumb Code    76  malloc.o(i.free)
    getDataSize                              0x080033b9   Thumb Code    12  function.o(i.getDataSize)
    gpsinit                                  0x080033c5   Thumb Code   172  gps.o(i.gpsinit)
    main                                     0x0800350d   Thumb Code   206  main.o(i.main)
    malloc                                   0x080035ed   Thumb Code    92  malloc.o(i.malloc)
    mergeData                                0x08003659   Thumb Code   118  function.o(i.mergeData)
    newMergedData                            0x080036e9   Thumb Code    40  function.o(i.newMergedData)
    parseGpsBuffer                           0x08003711   Thumb Code   224  gps.o(i.parseGpsBuffer)
    printGpsBuffer                           0x080037f9   Thumb Code   248  gps.o(i.printGpsBuffer)
    reverse_bit8                             0x08003929   Thumb Code    40  function.o(i.reverse_bit8)
    strHexToUint8Array                       0x08003951   Thumb Code   110  function.o(i.strHexToUint8Array)
    OSCfg_IdleTaskStkBasePtr                 0x080039e0   Data           4  os_cfg_app.o(.constdata)
    OSCfg_IdleTaskStkLimit                   0x080039e4   Data           4  os_cfg_app.o(.constdata)
    OSCfg_IdleTaskStkSize                    0x080039e8   Data           4  os_cfg_app.o(.constdata)
    OSCfg_IdleTaskStkSizeRAM                 0x080039ec   Data           4  os_cfg_app.o(.constdata)
    OSCfg_IntQBasePtr                        0x080039f0   Data           4  os_cfg_app.o(.constdata)
    OSCfg_IntQSize                           0x080039f4   Data           2  os_cfg_app.o(.constdata)
    OSCfg_IntQSizeRAM                        0x080039f8   Data           4  os_cfg_app.o(.constdata)
    OSCfg_IntQTaskStkBasePtr                 0x080039fc   Data           4  os_cfg_app.o(.constdata)
    OSCfg_IntQTaskStkLimit                   0x08003a00   Data           4  os_cfg_app.o(.constdata)
    OSCfg_IntQTaskStkSize                    0x08003a04   Data           4  os_cfg_app.o(.constdata)
    OSCfg_IntQTaskStkSizeRAM                 0x08003a08   Data           4  os_cfg_app.o(.constdata)
    OSCfg_ISRStkBasePtr                      0x08003a0c   Data           4  os_cfg_app.o(.constdata)
    OSCfg_ISRStkSize                         0x08003a10   Data           4  os_cfg_app.o(.constdata)
    OSCfg_ISRStkSizeRAM                      0x08003a14   Data           4  os_cfg_app.o(.constdata)
    OSCfg_MsgPoolSize                        0x08003a18   Data           2  os_cfg_app.o(.constdata)
    OSCfg_MsgPoolSizeRAM                     0x08003a1c   Data           4  os_cfg_app.o(.constdata)
    OSCfg_MsgPoolBasePtr                     0x08003a20   Data           4  os_cfg_app.o(.constdata)
    OSCfg_StatTaskPrio                       0x08003a24   Data           1  os_cfg_app.o(.constdata)
    OSCfg_StatTaskRate_Hz                    0x08003a28   Data           4  os_cfg_app.o(.constdata)
    OSCfg_StatTaskStkBasePtr                 0x08003a2c   Data           4  os_cfg_app.o(.constdata)
    OSCfg_StatTaskStkLimit                   0x08003a30   Data           4  os_cfg_app.o(.constdata)
    OSCfg_StatTaskStkSize                    0x08003a34   Data           4  os_cfg_app.o(.constdata)
    OSCfg_StatTaskStkSizeRAM                 0x08003a38   Data           4  os_cfg_app.o(.constdata)
    OSCfg_StkSizeMin                         0x08003a3c   Data           4  os_cfg_app.o(.constdata)
    OSCfg_TickRate_Hz                        0x08003a40   Data           4  os_cfg_app.o(.constdata)
    OSCfg_TickTaskPrio                       0x08003a44   Data           1  os_cfg_app.o(.constdata)
    OSCfg_TickTaskStkBasePtr                 0x08003a48   Data           4  os_cfg_app.o(.constdata)
    OSCfg_TickTaskStkLimit                   0x08003a4c   Data           4  os_cfg_app.o(.constdata)
    OSCfg_TickTaskStkSize                    0x08003a50   Data           4  os_cfg_app.o(.constdata)
    OSCfg_TickTaskStkSizeRAM                 0x08003a54   Data           4  os_cfg_app.o(.constdata)
    OSCfg_TickWheelSize                      0x08003a58   Data           2  os_cfg_app.o(.constdata)
    OSCfg_TickWheelSizeRAM                   0x08003a5c   Data           4  os_cfg_app.o(.constdata)
    OSCfg_TmrTaskPrio                        0x08003a60   Data           1  os_cfg_app.o(.constdata)
    OSCfg_TmrTaskRate_Hz                     0x08003a64   Data           4  os_cfg_app.o(.constdata)
    OSCfg_TmrTaskStkBasePtr                  0x08003a68   Data           4  os_cfg_app.o(.constdata)
    OSCfg_TmrTaskStkLimit                    0x08003a6c   Data           4  os_cfg_app.o(.constdata)
    OSCfg_TmrTaskStkSize                     0x08003a70   Data           4  os_cfg_app.o(.constdata)
    OSCfg_TmrTaskStkSizeRAM                  0x08003a74   Data           4  os_cfg_app.o(.constdata)
    OSCfg_TmrWheelSize                       0x08003a78   Data           2  os_cfg_app.o(.constdata)
    OSCfg_TmrWheelSizeRAM                    0x08003a7c   Data           4  os_cfg_app.o(.constdata)
    OSCfg_DataSizeRAM                        0x08003a80   Data           4  os_cfg_app.o(.constdata)
    __ctype_table                            0x08003a84   Data         129  ctype_o.o(.constdata)
    Region$$Table$$Base                      0x08003b18   Number         0  anon$$obj.o(Region$$Table)
    Region$$Table$$Limit                     0x08003b38   Number         0  anon$$obj.o(Region$$Table)
    irflag                                   0x20000014   Data           1  hwjs.o(.data)
    readflg                                  0x20000015   Data           1  hwjs.o(.data)
    hw_jsm                                   0x20000018   Data           4  hwjs.o(.data)
    hw_jsbz                                  0x2000001c   Data           1  hwjs.o(.data)
    data_u8                                  0x2000001d   Data           4  hwjs.o(.data)
    Lead_Low_Flag                            0x20000021   Data           1  hwjs.o(.data)
    Lead_High_Flag                           0x20000022   Data           1  hwjs.o(.data)
    exit_line                                0x20000024   Data          32  hwjs.o(.data)
    exit_io                                  0x20000044   Data          16  hwjs.o(.data)
    exit_PortSource                          0x20000054   Data           8  hwjs.o(.data)
    exit_PinSource                           0x2000005c   Data           8  hwjs.o(.data)
    exit_AB                                  0x20000064   Data          32  hwjs.o(.data)
    RCC_que                                  0x20000084   Data          32  hwjs.o(.data)
    order                                    0x200000a4   Data          18  module.o(.data)
    flag_que                                 0x200000b6   Data           7  module.o(.data)
    voice_que                                0x200000bd   Data           7  module.o(.data)
    zhongdan_que                             0x200000c4   Data           8  module.o(.data)
    hit                                      0x200000cc   Data           1  module.o(.data)
    netflag                                  0x200000cd   Data           1  module.o(.data)
    netflag1                                 0x200000ce   Data           1  module.o(.data)
    netflag2                                 0x200000cf   Data           1  module.o(.data)
    netflag3                                 0x200000d0   Data           1  module.o(.data)
    Lc12s_flag                               0x200000d1   Data           1  module.o(.data)
    dest_string                              0x200000d4   Data           4  module.o(.data)
    dest_string1                             0x200000d8   Data           4  module.o(.data)
    p                                        0x200000dc   Data           4  module.o(.data)
    NetMessage                               0x200000e0   Data           4  module.o(.data)
    i                                        0x200000e4   Data           1  module.o(.data)
    s                                        0x200000e5   Data           1  module.o(.data)
    fport                                    0x200000e8   Data           4  module.o(.data)
    bytes_length                             0x200000ec   Data           4  module.o(.data)
    bytes_length3                            0x200000f0   Data           4  module.o(.data)
    lorasendflag                             0x200000f4   Data           1  module.o(.data)
    IrRecSendflag                            0x200000f5   Data           1  module.o(.data)
    Voiceflag                                0x200000f6   Data           1  module.o(.data)
    data                                     0x200000f7   Data           1  module.o(.data)
    y                                        0x200000f8   Data           1  module.o(.data)
    port                                     0x200000f9   Data           1  module.o(.data)
    USART1_RX_STA                            0x200000fa   Data           2  module.o(.data)
    test                                     0x200000fc   Data           1  module.o(.data)
    count                                    0x200000fd   Data           1  module.o(.data)
    count1                                   0x200000fe   Data           1  module.o(.data)
    beat_count                               0x200000ff   Data           1  module.o(.data)
    INITFLAG                                 0x20000100   Data           1  module.o(.data)
    jk                                       0x20000104   Data           4  module.o(.data)
    Res                                      0x20000108   Data           1  module.o(.data)
    netdata                                  0x20000109   Data           8  module.o(.data)
    flagdata                                 0x20000111   Data           2  module.o(.data)
    delim                                    0x20000114   Data           4  module.o(.data)
    converted                                0x20000118   Data           8  module.o(.data)
    converted3                               0x20000120   Data           8  module.o(.data)
    color                                    0x20000128   Data           2  module.o(.data)
    ret                                      0x2000012c   Data           4  module.o(.data)
    kkkk                                     0x20000130   Data           1  module.o(.data)
    merged                                   0x20000134   Data           4  module.o(.data)
    merged1                                  0x20000138   Data           4  module.o(.data)
    joinCmd                                  0x2000013c   Data          10  module.o(.data)
    testCmd                                  0x20000146   Data          22  module.o(.data)
    atCmd                                    0x2000015c   Data          31  module.o(.data)
    position                                 0x2000017b   Data          48  module.o(.data)
    FeedbackOrder                            0x200001ab   Data          18  module.o(.data)
    FeedbackOrder1                           0x200001bd   Data           3  module.o(.data)
    buffer1                                  0x200001c0   Data          15  module.o(.data)
    buffer2                                  0x200001cf   Data           6  module.o(.data)
    point1                                   0x200001dc   Data           2  usart.o(.data)
    rxdatabufer                              0x200001de   Data           1  usart.o(.data)
    Flag                                     0x200001e0   Data           4  usart.o(.data)
    j                                        0x200001e4   Data           4  usart.o(.data)
    gpsdelim                                 0x200001e8   Data           4  usart.o(.data)
    gpsp                                     0x200001ec   Data           4  usart.o(.data)
    gpsp1                                    0x200001f0   Data           4  usart.o(.data)
    gpsdest_string                           0x200001f4   Data           4  usart.o(.data)
    lathalf1                                 0x200001f8   Data           2  usart.o(.data)
    lathalf2                                 0x200001fa   Data           2  usart.o(.data)
    loghalf1                                 0x200001fc   Data           2  usart.o(.data)
    loghalf2                                 0x200001fe   Data           2  usart.o(.data)
    gpssendflag                              0x20000200   Data           1  usart.o(.data)
    gpsposition                              0x20000201   Data           8  usart.o(.data)
    jkl                                      0x2000020c   Data           4  usart.o(.data)
    USART1_FINISH                            0x20000210   Data           1  usart.o(.data)
    USART_RX_STA                             0x20000212   Data           2  usart.o(.data)
    jk3                                      0x20000214   Data           4  usart.o(.data)
    USART3_FINISH                            0x20000218   Data           1  usart.o(.data)
    USART_RX_STA3                            0x2000021a   Data           2  usart.o(.data)
    CPU_TS_TmrFreq_Hz                        0x2000021c   Data           4  cpu_core.o(.data)
    CPU_IntDisMeasCtr                        0x20000220   Data           2  cpu_core.o(.data)
    CPU_IntDisNestCtr                        0x20000222   Data           2  cpu_core.o(.data)
    CPU_IntDisMeasStart_cnts                 0x20000224   Data           4  cpu_core.o(.data)
    CPU_IntDisMeasStop_cnts                  0x20000228   Data           4  cpu_core.o(.data)
    CPU_IntDisMeasOvrhd_cnts                 0x2000022c   Data           4  cpu_core.o(.data)
    CPU_IntDisMeasMaxCur_cnts                0x20000230   Data           4  cpu_core.o(.data)
    CPU_IntDisMeasMax_cnts                   0x20000234   Data           4  cpu_core.o(.data)
    OSPrioTbl                                0x20000238   Data           4  os_prio.o(.data)
    OS_AppTaskCreateHookPtr                  0x2000023c   Data           4  os_var.o(.data)
    OS_AppTaskDelHookPtr                     0x20000240   Data           4  os_var.o(.data)
    OS_AppTaskReturnHookPtr                  0x20000244   Data           4  os_var.o(.data)
    OS_AppIdleTaskHookPtr                    0x20000248   Data           4  os_var.o(.data)
    OS_AppStatTaskHookPtr                    0x2000024c   Data           4  os_var.o(.data)
    OS_AppTaskSwHookPtr                      0x20000250   Data           4  os_var.o(.data)
    OS_AppTimeTickHookPtr                    0x20000254   Data           4  os_var.o(.data)
    OSIdleTaskCtr                            0x20000258   Data           4  os_var.o(.data)
    OSIntNestingCtr                          0x2000025c   Data           1  os_var.o(.data)
    OSIntDisTimeMax                          0x20000260   Data           4  os_var.o(.data)
    OSRunning                                0x20000264   Data           1  os_var.o(.data)
    OSIntQInPtr                              0x20000268   Data           4  os_var.o(.data)
    OSIntQOutPtr                             0x2000026c   Data           4  os_var.o(.data)
    OSIntQNbrEntries                         0x20000270   Data           2  os_var.o(.data)
    OSIntQNbrEntriesMax                      0x20000272   Data           2  os_var.o(.data)
    OSIntQOvfCtr                             0x20000274   Data           2  os_var.o(.data)
    OSIntQTaskTimeMax                        0x20000278   Data           4  os_var.o(.data)
    OSFlagDbgListPtr                         0x2000027c   Data           4  os_var.o(.data)
    OSFlagQty                                0x20000280   Data           2  os_var.o(.data)
    OSMemDbgListPtr                          0x20000284   Data           4  os_var.o(.data)
    OSMemQty                                 0x20000288   Data           2  os_var.o(.data)
    OSMutexDbgListPtr                        0x2000028c   Data           4  os_var.o(.data)
    OSMutexQty                               0x20000290   Data           2  os_var.o(.data)
    OSPrioCur                                0x20000292   Data           1  os_var.o(.data)
    OSPrioHighRdy                            0x20000293   Data           1  os_var.o(.data)
    OSPrioSaved                              0x20000294   Data           1  os_var.o(.data)
    OSQDbgListPtr                            0x20000298   Data           4  os_var.o(.data)
    OSQQty                                   0x2000029c   Data           2  os_var.o(.data)
    OSSchedLockTimeBegin                     0x200002a0   Data           4  os_var.o(.data)
    OSSchedLockTimeMax                       0x200002a4   Data           4  os_var.o(.data)
    OSSchedLockTimeMaxCur                    0x200002a8   Data           4  os_var.o(.data)
    OSSchedLockNestingCtr                    0x200002ac   Data           1  os_var.o(.data)
    OSSchedRoundRobinDfltTimeQuanta          0x200002b0   Data           4  os_var.o(.data)
    OSSchedRoundRobinEn                      0x200002b4   Data           1  os_var.o(.data)
    OSSemDbgListPtr                          0x200002b8   Data           4  os_var.o(.data)
    OSSemQty                                 0x200002bc   Data           2  os_var.o(.data)
    OSStatResetFlag                          0x200002be   Data           1  os_var.o(.data)
    OSStatTaskCPUUsage                       0x200002c0   Data           2  os_var.o(.data)
    OSStatTaskCPUUsageMax                    0x200002c2   Data           2  os_var.o(.data)
    OSStatTaskCtr                            0x200002c4   Data           4  os_var.o(.data)
    OSStatTaskCtrMax                         0x200002c8   Data           4  os_var.o(.data)
    OSStatTaskCtrRun                         0x200002cc   Data           4  os_var.o(.data)
    OSStatTaskRdy                            0x200002d0   Data           1  os_var.o(.data)
    OSStatTaskTimeMax                        0x200002d4   Data           4  os_var.o(.data)
    OSTaskCtxSwCtr                           0x200002d8   Data           4  os_var.o(.data)
    OSTaskDbgListPtr                         0x200002dc   Data           4  os_var.o(.data)
    OSTaskQty                                0x200002e0   Data           2  os_var.o(.data)
    OSTaskRegNextAvailID                     0x200002e2   Data           1  os_var.o(.data)
    OSTickCtr                                0x200002e4   Data           4  os_var.o(.data)
    OSTickTaskTimeMax                        0x200002e8   Data           4  os_var.o(.data)
    OSTmrDbgListPtr                          0x200002ec   Data           4  os_var.o(.data)
    OSTmrQty                                 0x200002f0   Data           2  os_var.o(.data)
    OSTmrTaskTimeMax                         0x200002f4   Data           4  os_var.o(.data)
    OSTmrTickCtr                             0x200002f8   Data           4  os_var.o(.data)
    OSTmrUpdateCnt                           0x200002fc   Data           4  os_var.o(.data)
    OSTmrUpdateCtr                           0x20000300   Data           4  os_var.o(.data)
    OSTCBCurPtr                              0x20000304   Data           4  os_var.o(.data)
    OSTCBHighRdyPtr                          0x20000308   Data           4  os_var.o(.data)
    OS_CPU_ExceptStkBase                     0x2000030c   Data           4  os_cpu_c.o(.data)
    __microlib_freelist                      0x20000314   Data           4  mvars.o(.data)
    __microlib_freelist_initialised          0x20000318   Data           4  mvars.o(.data)
    bodybuff                                 0x20000320   Data         255  module.o(.bss)
    string                                   0x2000041f   Data         100  module.o(.bss)
    string3                                  0x20000483   Data         100  module.o(.bss)
    USART1_RX_BUF                            0x200004e7   Data         200  module.o(.bss)
    dest                                     0x200005af   Data          10  module.o(.bss)
    dest1                                    0x200005b9   Data          10  module.o(.bss)
    rx_buf                                   0x200005c3   Data          33  module.o(.bss)
    str                                      0x200005e4   Data          20  module.o(.bss)
    str1                                     0x200005f8   Data          20  module.o(.bss)
    str2                                     0x2000060c   Data          20  module.o(.bss)
    str3                                     0x20000620   Data          20  module.o(.bss)
    str0                                     0x20000634   Data          20  module.o(.bss)
    str4                                     0x20000648   Data         100  module.o(.bss)
    str5                                     0x200006ac   Data         100  module.o(.bss)
    a                                        0x20000710   Data          40  module.o(.bss)
    Save_Data                                0x20000738   Data         121  usart.o(.bss)
    gpsdest                                  0x200007b1   Data          10  usart.o(.bss)
    gpsdest1                                 0x200007bb   Data          10  usart.o(.bss)
    USART_RX_BUF                             0x200007c5   Data         200  usart.o(.bss)
    USART_RX_BUF3                            0x2000088d   Data         200  usart.o(.bss)
    OSCfg_IdleTaskStk                        0x20000958   Data         512  os_cfg_app.o(.bss)
    OSCfg_IntQ                               0x20000b58   Data         320  os_cfg_app.o(.bss)
    OSCfg_IntQTaskStk                        0x20000c98   Data         512  os_cfg_app.o(.bss)
    OSCfg_ISRStk                             0x20000e98   Data         512  os_cfg_app.o(.bss)
    OSCfg_MsgPool                            0x20001098   Data        1600  os_cfg_app.o(.bss)
    OSCfg_StatTaskStk                        0x200016d8   Data         512  os_cfg_app.o(.bss)
    OSCfg_TickTaskStk                        0x200018d8   Data         512  os_cfg_app.o(.bss)
    OSCfg_TickWheel                          0x20001ad8   Data         136  os_cfg_app.o(.bss)
    OSCfg_TmrTaskStk                         0x20001b60   Data         512  os_cfg_app.o(.bss)
    OSCfg_TmrWheel                           0x20001d60   Data         136  os_cfg_app.o(.bss)
    OSIdleTaskTCB                            0x20001de8   Data         200  os_var.o(.bss)
    OSIntQTaskTCB                            0x20001eb0   Data         200  os_var.o(.bss)
    OSMsgPool                                0x20001f78   Data          12  os_var.o(.bss)
    OSRdyList                                0x20001f84   Data         384  os_var.o(.bss)
    OSStatTaskTCB                            0x20002104   Data         200  os_var.o(.bss)
    OSTickTaskTCB                            0x200021cc   Data         200  os_var.o(.bss)
    OSTmrTaskTCB                             0x20002294   Data         200  os_var.o(.bss)
    __heap_base                              0x20002360   Data           0  startup_stm32f10x_hd.o(HEAP)
    __heap_limit                             0x20002560   Data           0  startup_stm32f10x_hd.o(HEAP)
    __initial_sp                             0x20002960   Data           0  startup_stm32f10x_hd.o(STACK)



==============================================================================

Memory Map of the image

  Image Entry point : 0x08000131

  Load Region LR_IROM1 (Base: 0x08000000, Size: 0x00003e58, Max: 0x00010000, ABSOLUTE, COMPRESSED[0x00003c50])

    Execution Region ER_IROM1 (Exec base: 0x08000000, Load base: 0x08000000, Size: 0x00003b38, Max: 0x00010000, ABSOLUTE)

    Exec Addr    Load Addr    Size         Type   Attr      Idx    E Section Name        Object

    0x08000000   0x08000000   0x00000130   Data   RO          256    RESET               startup_stm32f10x_hd.o
    0x08000130   0x08000130   0x00000000   Code   RO         5408  * .ARM.Collect$$$$00000000  mc_w.l(entry.o)
    0x08000130   0x08000130   0x00000004   Code   RO         5726    .ARM.Collect$$$$00000001  mc_w.l(entry2.o)
    0x08000134   0x08000134   0x00000004   Code   RO         5729    .ARM.Collect$$$$00000004  mc_w.l(entry5.o)
    0x08000138   0x08000138   0x00000000   Code   RO         5731    .ARM.Collect$$$$00000008  mc_w.l(entry7b.o)
    0x08000138   0x08000138   0x00000000   Code   RO         5733    .ARM.Collect$$$$0000000A  mc_w.l(entry8b.o)
    0x08000138   0x08000138   0x00000008   Code   RO         5734    .ARM.Collect$$$$0000000B  mc_w.l(entry9a.o)
    0x08000140   0x08000140   0x00000000   Code   RO         5736    .ARM.Collect$$$$0000000D  mc_w.l(entry10a.o)
    0x08000140   0x08000140   0x00000000   Code   RO         5738    .ARM.Collect$$$$0000000F  mc_w.l(entry11a.o)
    0x08000140   0x08000140   0x00000004   Code   RO         5727    .ARM.Collect$$$$00002712  mc_w.l(entry2.o)
    0x08000144   0x08000144   0x00000024   Code   RO          257    .text               startup_stm32f10x_hd.o
    0x08000168   0x08000168   0x00000034   Code   RO         3693    .text               cpu_a.o
    0x0800019c   0x0800019c   0x00000024   Code   RO         5411    .text               mc_w.l(memcpya.o)
    0x080001c0   0x080001c0   0x00000024   Code   RO         5413    .text               mc_w.l(memseta.o)
    0x080001e4   0x080001e4   0x00000018   Code   RO         5415    .text               mc_w.l(strcat.o)
    0x080001fc   0x080001fc   0x00000024   Code   RO         5417    .text               mc_w.l(strstr.o)
    0x08000220   0x08000220   0x00000018   Code   RO         5419    .text               mc_w.l(strncpy.o)
    0x08000238   0x08000238   0x0000000e   Code   RO         5421    .text               mc_w.l(strlen.o)
    0x08000246   0x08000246   0x00000012   Code   RO         5423    .text               mc_w.l(strcpy.o)
    0x08000258   0x08000258   0x00000044   Code   RO         5427    .text               mc_w.l(strtok.o)
    0x0800029c   0x0800029c   0x0000001a   Code   RO         5724    .text               mc_w.l(atoi.o)
    0x080002b6   0x080002b6   0x0000002c   Code   RO         5743    .text               mc_w.l(uidiv.o)
    0x080002e2   0x080002e2   0x00000062   Code   RO         5745    .text               mc_w.l(uldiv.o)
    0x08000344   0x08000344   0x00000070   Code   RO         5756    .text               mc_w.l(strtol.o)
    0x080003b4   0x080003b4   0x00000000   Code   RO         5758    .text               mc_w.l(iusefp.o)
    0x080003b4   0x080003b4   0x0000014e   Code   RO         5759    .text               mf_w.l(dadd.o)
    0x08000502   0x08000502   0x000000e4   Code   RO         5761    .text               mf_w.l(dmul.o)
    0x080005e6   0x080005e6   0x000000de   Code   RO         5763    .text               mf_w.l(ddiv.o)
    0x080006c4   0x080006c4   0x00000030   Code   RO         5765    .text               mf_w.l(dfixul.o)
    0x080006f4   0x080006f4   0x00000030   Code   RO         5767    .text               mf_w.l(cdrcmple.o)
    0x08000724   0x08000724   0x00000024   Code   RO         5769    .text               mc_w.l(init.o)
    0x08000748   0x08000748   0x0000001e   Code   RO         5772    .text               mc_w.l(llshl.o)
    0x08000766   0x08000766   0x00000020   Code   RO         5774    .text               mc_w.l(llushr.o)
    0x08000786   0x08000786   0x00000024   Code   RO         5776    .text               mc_w.l(llsshr.o)
    0x080007aa   0x080007aa   0x00000002   PAD
    0x080007ac   0x080007ac   0x00000008   Code   RO         5778    .text               mc_w.l(ctype_o.o)
    0x080007b4   0x080007b4   0x0000009e   Code   RO         5806    .text               mc_w.l(_strtoul.o)
    0x08000852   0x08000852   0x000000ba   Code   RO         5809    .text               mf_w.l(depilogue.o)
    0x0800090c   0x0800090c   0x0000001c   Code   RO         5811    .text               mc_w.l(_chval.o)
    0x08000928   0x08000928   0x00000056   Code   RO         5821    .text               mc_w.l(__dczerorl2.o)
    0x0800097e   0x0800097e   0x00000002   PAD
    0x08000980   0x08000980   0x00000084   Code   RO         5336    CODE                os_cpu_a.o
    0x08000a04   0x08000a04   0x00000004   Code   RO          169    i.BusFault_Handler  stm32f10x_it.o
    0x08000a08   0x08000a08   0x0000001c   Code   RO         3294    i.CLR_Buf           usart.o
    0x08000a24   0x08000a24   0x0000001c   Code   RO         3531    i.CPU_IntDisMeasMaxCalc  cpu_core.o
    0x08000a40   0x08000a40   0x0000002c   Code   RO         3532    i.CPU_IntDisMeasMaxCurGet  cpu_core.o
    0x08000a6c   0x08000a6c   0x0000002c   Code   RO         3533    i.CPU_IntDisMeasMaxCurReset  cpu_core.o
    0x08000a98   0x08000a98   0x00000034   Code   RO         3535    i.CPU_IntDisMeasStart  cpu_core.o
    0x08000acc   0x08000acc   0x00000054   Code   RO         3536    i.CPU_IntDisMeasStop  cpu_core.o
    0x08000b20   0x08000b20   0x0000000c   Code   RO         3409    i.CPU_TS_TmrRd      bsp.o
    0x08000b2c   0x08000b2c   0x00000002   Code   RO          170    i.DebugMon_Handler  stm32f10x_it.o
    0x08000b2e   0x08000b2e   0x00000002   PAD
    0x08000b30   0x08000b30   0x000000a8   Code   RO         2752    i.EXIT_15           hwjs.o
    0x08000bd8   0x08000bd8   0x000000e4   Code   RO         2753    i.EXTI15_10_IRQHandler  hwjs.o
    0x08000cbc   0x08000cbc   0x0000007c   Code   RO         2754    i.EXTI9_5_IRQHandler  hwjs.o
    0x08000d38   0x08000d38   0x0000000c   Code   RO          613    i.EXTI_ClearITPendingBit  stm32f10x_exti.o
    0x08000d44   0x08000d44   0x00000028   Code   RO          617    i.EXTI_GetITStatus  stm32f10x_exti.o
    0x08000d6c   0x08000d6c   0x00000094   Code   RO          618    i.EXTI_Init         stm32f10x_exti.o
    0x08000e00   0x08000e00   0x0000004c   Code   RO         3234    i.GPIO_Configuration  voice.o
    0x08000e4c   0x08000e4c   0x00000040   Code   RO          265    i.GPIO_EXTILineConfig  stm32f10x_gpio.o
    0x08000e8c   0x08000e8c   0x00000116   Code   RO          268    i.GPIO_Init         stm32f10x_gpio.o
    0x08000fa2   0x08000fa2   0x00000012   Code   RO          272    i.GPIO_ReadInputDataBit  stm32f10x_gpio.o
    0x08000fb4   0x08000fb4   0x00000004   Code   RO          275    i.GPIO_ResetBits    stm32f10x_gpio.o
    0x08000fb8   0x08000fb8   0x00000004   Code   RO          276    i.GPIO_SetBits      stm32f10x_gpio.o
    0x08000fbc   0x08000fbc   0x00000078   Code   RO         3036    i.Gps_RecToSend     module.o
    0x08001034   0x08001034   0x0000002c   Code   RO         2755    i.HW_jssj           hwjs.o
    0x08001060   0x08001060   0x00000004   Code   RO          171    i.HardFault_Handler  stm32f10x_it.o
    0x08001064   0x08001064   0x0000005c   Code   RO         2756    i.Hwjs_InitA11      hwjs.o
    0x080010c0   0x080010c0   0x0000005c   Code   RO         2757    i.Hwjs_InitA12      hwjs.o
    0x0800111c   0x0800111c   0x00000078   Code   RO         2758    i.Hwjs_InitA15      hwjs.o
    0x08001194   0x08001194   0x00000070   Code   RO         2759    i.Hwjs_InitA7       hwjs.o
    0x08001204   0x08001204   0x0000005c   Code   RO         2760    i.Hwjs_InitB14      hwjs.o
    0x08001260   0x08001260   0x0000005c   Code   RO         2761    i.Hwjs_InitB9       hwjs.o
    0x080012bc   0x080012bc   0x0000005c   Code   RO         2762    i.Hwjs_InitC13      hwjs.o
    0x08001318   0x08001318   0x00000108   Code   RO         3037    i.IR_Poll           module.o
    0x08001420   0x08001420   0x00000104   Code   RO         3039    i.Lc12s             module.o
    0x08001524   0x08001524   0x00000054   Code   RO         2765    i.Lc12s_GPIO_Init   hwjs.o
    0x08001578   0x08001578   0x00000068   Code   RO         3040    i.Lc12s_Init        module.o
    0x080015e0   0x080015e0   0x00000048   Code   RO         2766    i.Lead_Low_Time     hwjs.o
    0x08001628   0x08001628   0x00000004   Code   RO          172    i.MemManage_Handler  stm32f10x_it.o
    0x0800162c   0x0800162c   0x00000002   Code   RO          173    i.NMI_Handler       stm32f10x_it.o
    0x0800162e   0x0800162e   0x00000002   PAD
    0x08001630   0x08001630   0x00000070   Code   RO          576    i.NVIC_Init         misc.o
    0x080016a0   0x080016a0   0x00000014   Code   RO          577    i.NVIC_PriorityGroupConfig  misc.o
    0x080016b4   0x080016b4   0x000000e4   Code   RO         4146    i.OSIntExit         os_core.o
    0x08001798   0x08001798   0x000000a4   Code   RO         5265    i.OSTaskSwHook      os_cpu_c.o
    0x0800183c   0x0800183c   0x00000044   Code   RO         5117    i.OSTimeTick        os_time.o
    0x08001880   0x08001880   0x00000014   Code   RO         5266    i.OSTimeTickHook    os_cpu_c.o
    0x08001894   0x08001894   0x00000040   Code   RO         5267    i.OS_CPU_SysTickHandler  os_cpu_c.o
    0x080018d4   0x080018d4   0x00000104   Code   RO         4493    i.OS_IntQPost       os_int.o
    0x080019d8   0x080019d8   0x00000028   Code   RO         4685    i.OS_PrioGetHighest  os_prio.o
    0x08001a00   0x08001a00   0x00000024   Code   RO         4687    i.OS_PrioInsert     os_prio.o
    0x08001a24   0x08001a24   0x00000020   Code   RO          378    i.RCC_APB1PeriphClockCmd  stm32f10x_rcc.o
    0x08001a44   0x08001a44   0x00000020   Code   RO          380    i.RCC_APB2PeriphClockCmd  stm32f10x_rcc.o
    0x08001a64   0x08001a64   0x000000d4   Code   RO          388    i.RCC_GetClocksFreq  stm32f10x_rcc.o
    0x08001b38   0x08001b38   0x00000002   Code   RO          175    i.SVC_Handler       stm32f10x_it.o
    0x08001b3a   0x08001b3a   0x00000002   PAD
    0x08001b3c   0x08001b3c   0x0000007c   Code   RO         3235    i.Senddata          voice.o
    0x08001bb8   0x08001bb8   0x00000008   Code   RO         2509    i.SetSysClock       system_stm32f10x.o
    0x08001bc0   0x08001bc0   0x000000e0   Code   RO         2510    i.SetSysClockTo72   system_stm32f10x.o
    0x08001ca0   0x08001ca0   0x0000002c   Code   RO         2767    i.ShakeB0           hwjs.o
    0x08001ccc   0x08001ccc   0x00000028   Code   RO          580    i.SysTick_CLKSourceConfig  misc.o
    0x08001cf4   0x08001cf4   0x0000003c   Code   RO         3265    i.SysTick_Init      systick.o
    0x08001d30   0x08001d30   0x00000060   Code   RO         2512    i.SystemInit        system_stm32f10x.o
    0x08001d90   0x08001d90   0x00000054   Code   RO         3204    i.TIM3_Configuration  time.o
    0x08001de4   0x08001de4   0x0000004c   Code   RO         3205    i.TIM4_IRQHandler   time.o
    0x08001e30   0x08001e30   0x00000064   Code   RO         3206    i.TIM4_Init         time.o
    0x08001e94   0x08001e94   0x00000006   Code   RO          677    i.TIM_ClearITPendingBit  stm32f10x_tim.o
    0x08001e9a   0x08001e9a   0x00000018   Code   RO          682    i.TIM_Cmd           stm32f10x_tim.o
    0x08001eb2   0x08001eb2   0x00000006   Code   RO          701    i.TIM_GetCounter    stm32f10x_tim.o
    0x08001eb8   0x08001eb8   0x00000022   Code   RO          703    i.TIM_GetITStatus   stm32f10x_tim.o
    0x08001eda   0x08001eda   0x00000012   Code   RO          707    i.TIM_ITConfig      stm32f10x_tim.o
    0x08001eec   0x08001eec   0x00000004   Code   RO          747    i.TIM_SetCounter    stm32f10x_tim.o
    0x08001ef0   0x08001ef0   0x000000a4   Code   RO          753    i.TIM_TimeBaseInit  stm32f10x_tim.o
    0x08001f94   0x08001f94   0x0000001e   Code   RO         3297    i.UART_PutChar      usart.o
    0x08001fb2   0x08001fb2   0x00000002   PAD
    0x08001fb4   0x08001fb4   0x00000060   Code   RO         3299    i.USART1_IRQHandler  usart.o
    0x08002014   0x08002014   0x000000c4   Code   RO         3300    i.USART1_Init       usart.o
    0x080020d8   0x080020d8   0x00000058   Code   RO         3301    i.USART1_printf     usart.o
    0x08002130   0x08002130   0x00000098   Code   RO         3302    i.USART2_IRQHandler  usart.o
    0x080021c8   0x080021c8   0x000000a8   Code   RO         3303    i.USART2_Init       usart.o
    0x08002270   0x08002270   0x00000058   Code   RO         3304    i.USART2_printf     usart.o
    0x080022c8   0x080022c8   0x00000060   Code   RO         3305    i.USART3_IRQHandler  usart.o
    0x08002328   0x08002328   0x000000bc   Code   RO         3306    i.USART3_Init       usart.o
    0x080023e4   0x080023e4   0x00000068   Code   RO         3043    i.USART3_Send       module.o
    0x0800244c   0x0800244c   0x00000058   Code   RO         3307    i.USART3_printf     usart.o
    0x080024a4   0x080024a4   0x00000012   Code   RO         1214    i.USART_ClearFlag   stm32f10x_usart.o
    0x080024b6   0x080024b6   0x0000001e   Code   RO         1215    i.USART_ClearITPendingBit  stm32f10x_usart.o
    0x080024d4   0x080024d4   0x00000018   Code   RO         1218    i.USART_Cmd         stm32f10x_usart.o
    0x080024ec   0x080024ec   0x0000001a   Code   RO         1221    i.USART_GetFlagStatus  stm32f10x_usart.o
    0x08002506   0x08002506   0x00000054   Code   RO         1222    i.USART_GetITStatus  stm32f10x_usart.o
    0x0800255a   0x0800255a   0x0000004a   Code   RO         1224    i.USART_ITConfig    stm32f10x_usart.o
    0x080025a4   0x080025a4   0x000000d8   Code   RO         1225    i.USART_Init        stm32f10x_usart.o
    0x0800267c   0x0800267c   0x0000000a   Code   RO         1232    i.USART_ReceiveData  stm32f10x_usart.o
    0x08002686   0x08002686   0x00000008   Code   RO         1235    i.USART_SendData    stm32f10x_usart.o
    0x0800268e   0x0800268e   0x00000004   Code   RO          177    i.UsageFault_Handler  stm32f10x_it.o
    0x08002692   0x08002692   0x00000002   PAD
    0x08002694   0x08002694   0x0000016c   Code   RO         3044    i.Usart3_Receive    module.o
    0x08002800   0x08002800   0x00000110   Code   RO         3045    i.Usart_Receive     module.o
    0x08002910   0x08002910   0x00000028   Code   RO         5670    i.__0sprintf        mc_w.l(printfa.o)
    0x08002938   0x08002938   0x0000002c   Code   RO         5673    i.__0vsnprintf      mc_w.l(printfa.o)
    0x08002964   0x08002964   0x00000008   Code   RO         5749    i.__aeabi_errno_addr  mc_w.l(errno.o)
    0x0800296c   0x0800296c   0x0000000e   Code   RO         5815    i.__scatterload_copy  mc_w.l(handlers.o)
    0x0800297a   0x0800297a   0x00000002   Code   RO         5816    i.__scatterload_null  mc_w.l(handlers.o)
    0x0800297c   0x0800297c   0x0000000e   Code   RO         5817    i.__scatterload_zeroinit  mc_w.l(handlers.o)
    0x0800298a   0x0800298a   0x00000002   PAD
    0x0800298c   0x0800298c   0x00000184   Code   RO         5675    i._fp_digits        mc_w.l(printfa.o)
    0x08002b10   0x08002b10   0x000006dc   Code   RO         5676    i._printf_core      mc_w.l(printfa.o)
    0x080031ec   0x080031ec   0x00000024   Code   RO         5677    i._printf_post_padding  mc_w.l(printfa.o)
    0x08003210   0x08003210   0x0000002e   Code   RO         5678    i._printf_pre_padding  mc_w.l(printfa.o)
    0x0800323e   0x0800323e   0x00000016   Code   RO         5679    i._snputc           mc_w.l(printfa.o)
    0x08003254   0x08003254   0x0000000a   Code   RO         5680    i._sputc            mc_w.l(printfa.o)
    0x0800325e   0x0800325e   0x00000002   PAD
    0x08003260   0x08003260   0x0000004c   Code   RO         3308    i.clrStruct         usart.o
    0x080032ac   0x080032ac   0x0000004c   Code   RO         3266    i.delay_ms          systick.o
    0x080032f8   0x080032f8   0x0000004c   Code   RO         3267    i.delay_us          systick.o
    0x08003344   0x08003344   0x00000024   Code   RO         2987    i.errorLog          gps.o
    0x08003368   0x08003368   0x00000050   Code   RO         5696    i.free              mc_w.l(malloc.o)
    0x080033b8   0x080033b8   0x0000000c   Code   RO         3131    i.getDataSize       function.o
    0x080033c4   0x080033c4   0x00000148   Code   RO         2988    i.gpsinit           gps.o
    0x0800350c   0x0800350c   0x000000e0   Code   RO            1    i.main              main.o
    0x080035ec   0x080035ec   0x0000006c   Code   RO         5697    i.malloc            mc_w.l(malloc.o)
    0x08003658   0x08003658   0x00000090   Code   RO         3133    i.mergeData         function.o
    0x080036e8   0x080036e8   0x00000028   Code   RO         3134    i.newMergedData     function.o
    0x08003710   0x08003710   0x000000e8   Code   RO         2989    i.parseGpsBuffer    gps.o
    0x080037f8   0x080037f8   0x00000130   Code   RO         2990    i.printGpsBuffer    gps.o
    0x08003928   0x08003928   0x00000028   Code   RO         3136    i.reverse_bit8      function.o
    0x08003950   0x08003950   0x00000090   Code   RO         3137    i.strHexToUint8Array  function.o
    0x080039e0   0x080039e0   0x000000a4   Data   RO         4113    .constdata          os_cfg_app.o
    0x08003a84   0x08003a84   0x00000081   Data   RO         5779    .constdata          mc_w.l(ctype_o.o)
    0x08003b05   0x08003b05   0x00000003   PAD
    0x08003b08   0x08003b08   0x00000004   Data   RO         5780    .constdata          mc_w.l(ctype_o.o)
    0x08003b0c   0x08003b0c   0x00000005   Data   RO         3049    .conststring        module.o
    0x08003b11   0x08003b11   0x00000003   PAD
    0x08003b14   0x08003b14   0x00000002   Data   RO         3310    .conststring        usart.o
    0x08003b16   0x08003b16   0x00000002   PAD
    0x08003b18   0x08003b18   0x00000020   Data   RO         5813    Region$$Table       anon$$obj.o


    Execution Region RW_IRAM1 (Exec base: 0x20000000, Load base: 0x08003b38, Size: 0x00002960, Max: 0x00005000, ABSOLUTE, COMPRESSED[0x00000118])

    Exec Addr    Load Addr    Size         Type   Attr      Idx    E Section Name        Object

    0x20000000   COMPRESSED   0x00000014   Data   RW          408    .data               stm32f10x_rcc.o
    0x20000014   COMPRESSED   0x00000090   Data   RW         2768    .data               hwjs.o
    0x200000a4   COMPRESSED   0x00000131   Data   RW         3050    .data               module.o
    0x200001d5   COMPRESSED   0x00000001   PAD
    0x200001d6   COMPRESSED   0x00000004   Data   RW         3268    .data               systick.o
    0x200001da   COMPRESSED   0x00000002   PAD
    0x200001dc   COMPRESSED   0x00000040   Data   RW         3311    .data               usart.o
    0x2000021c   COMPRESSED   0x0000001c   Data   RW         3549    .data               cpu_core.o
    0x20000238   COMPRESSED   0x00000004   Data   RW         4689    .data               os_prio.o
    0x2000023c   COMPRESSED   0x000000d0   Data   RW         5245    .data               os_var.o
    0x2000030c   COMPRESSED   0x00000004   Data   RW         5269    .data               os_cpu_c.o
    0x20000310   COMPRESSED   0x00000004   Data   RW         5428    .data               mc_w.l(strtok.o)
    0x20000314   COMPRESSED   0x00000004   Data   RW         5747    .data               mc_w.l(mvars.o)
    0x20000318   COMPRESSED   0x00000004   Data   RW         5748    .data               mc_w.l(mvars.o)
    0x2000031c   COMPRESSED   0x00000004   Data   RW         5752    .data               mc_w.l(errno.o)
    0x20000320        -       0x00000418   Zero   RW         3047    .bss                module.o
    0x20000738        -       0x0000021d   Zero   RW         3309    .bss                usart.o
    0x20000955   COMPRESSED   0x00000003   PAD
    0x20000958        -       0x00001490   Zero   RW         4112    .bss                os_cfg_app.o
    0x20001de8        -       0x00000574   Zero   RW         5244    .bss                os_var.o
    0x2000235c   COMPRESSED   0x00000004   PAD
    0x20002360        -       0x00000200   Zero   RW          255    HEAP                startup_stm32f10x_hd.o
    0x20002560        -       0x00000400   Zero   RW          254    STACK               startup_stm32f10x_hd.o


==============================================================================

Image component sizes


      Code (inc. data)   RO Data    RW Data    ZI Data      Debug   Object Name

        12          6          0          0          0      10043   bsp.o
        52          0          0          0          0        356   cpu_a.o
       252         48          0         28          0      13073   cpu_core.o
       380         60          0          0          0       4178   function.o
       900        242          0          0          0       2499   gps.o
      1456        124          0        144          0       9489   hwjs.o
       224         18          0          0          0     256059   main.o
       172         22          0          0          0       2333   misc.o
      1488        252          5        305       1048       8057   module.o
         0          0        164          0       5264      21385   os_cfg_app.o
       228         36          0          0          0      19571   os_core.o
       132         32          0          0          0        400   os_cpu_a.o
       248         26          0          4          0       2811   os_cpu_c.o
       260         36          0          0          0       1350   os_int.o
        76          8          0          4          0       1828   os_prio.o
        68         14          0          0          0        569   os_time.o
         0          0          0        208       1396      19533   os_var.o
        36          8        304          0       1536        872   startup_stm32f10x_hd.o
       200         18          0          0          0       2380   stm32f10x_exti.o
       368          4          0          0          0       4670   stm32f10x_gpio.o
        22          0          0          0          0       3151   stm32f10x_it.o
       276         32          0         20          0       4762   stm32f10x_rcc.o
       256         42          0          0          0       5148   stm32f10x_tim.o
       490          6          0          0          0       8013   stm32f10x_usart.o
       328         28          0          0          0       2041   system_stm32f10x.o
       212         16          0          4          0       1829   systick.o
       260         30          0          0          0       1839   time.o
      1294        108          2         64        541      10312   usart.o
       200          8          0          0          0       1152   voice.o

    ----------------------------------------------------------------------
      9900       1224        512        784       9792     419703   Object Totals
         0          0         32          0          0          0   (incl. Generated)
        10          0          5          3          7          0   (incl. Padding)

    ----------------------------------------------------------------------

      Code (inc. data)   RO Data    RW Data    ZI Data      Debug   Library Member Name

        86          0          0          0          0          0   __dczerorl2.o
        28          0          0          0          0         68   _chval.o
       158          0          0          0          0         92   _strtoul.o
        26          0          0          0          0         80   atoi.o
         8          4        133          0          0         68   ctype_o.o
         0          0          0          0          0          0   entry.o
         0          0          0          0          0          0   entry10a.o
         0          0          0          0          0          0   entry11a.o
         8          4          0          0          0          0   entry2.o
         4          0          0          0          0          0   entry5.o
         0          0          0          0          0          0   entry7b.o
         0          0          0          0          0          0   entry8b.o
         8          4          0          0          0          0   entry9a.o
         8          4          0          4          0         68   errno.o
        30          0          0          0          0          0   handlers.o
        36          8          0          0          0         68   init.o
         0          0          0          0          0          0   iusefp.o
        30          0          0          0          0         68   llshl.o
        36          0          0          0          0         68   llsshr.o
        32          0          0          0          0         68   llushr.o
       188         20          0          0          0        160   malloc.o
        36          0          0          0          0         68   memcpya.o
        36          0          0          0          0        108   memseta.o
         0          0          0          8          0          0   mvars.o
      2342         90          0          0          0        668   printfa.o
        24          0          0          0          0         68   strcat.o
        18          0          0          0          0         68   strcpy.o
        14          0          0          0          0         68   strlen.o
        24          0          0          0          0         76   strncpy.o
        36          0          0          0          0         80   strstr.o
        68          6          0          4          0         80   strtok.o
       112          0          0          0          0         88   strtol.o
        44          0          0          0          0         80   uidiv.o
        98          0          0          0          0         92   uldiv.o
        48          0          0          0          0         68   cdrcmple.o
       334          0          0          0          0        148   dadd.o
       222          0          0          0          0        100   ddiv.o
       186          0          0          0          0        176   depilogue.o
        48          0          0          0          0         68   dfixul.o
       228          0          0          0          0         96   dmul.o

    ----------------------------------------------------------------------
      4612        140        136         16          0       3008   Library Totals
         8          0          3          0          0          0   (incl. Padding)

    ----------------------------------------------------------------------

      Code (inc. data)   RO Data    RW Data    ZI Data      Debug   Library Name

      3538        140        133         16          0       2352   mc_w.l
      1066          0          0          0          0        656   mf_w.l

    ----------------------------------------------------------------------
      4612        140        136         16          0       3008   Library Totals

    ----------------------------------------------------------------------

==============================================================================


      Code (inc. data)   RO Data    RW Data    ZI Data      Debug   

     14512       1364        648        800       9792     416027   Grand Totals
     14512       1364        648        280       9792     416027   ELF Image Totals (compressed)
     14512       1364        648        280          0          0   ROM Totals

==============================================================================

    Total RO  Size (Code + RO Data)                15160 (  14.80kB)
    Total RW  Size (RW Data + ZI Data)             10592 (  10.34kB)
    Total ROM Size (Code + RO Data + RW Data)      15440 (  15.08kB)

==============================================================================

