<html>
<body>
<pre>
<h1>礦ision Build Log</h1>
<h2>Tool Versions:</h2>
IDE-Version: μVision V5.26.2.0
Copyright (C) 2018 ARM Ltd and ARM Germany GmbH. All rights reserved.
License Information: L L, L, LIC=GMZI6-DATUR-MM79I-TNZQJ-WRZ74-6SXS2
 
Tool Versions:
Toolchain:       MDK-ARM Plus  Version: 5.26.2.0
Toolchain Path:  C:\Keil_v5\ARM\ARMCC\Bin
C Compiler:      Armcc.exe V5.06 update 6 (build 750)
Assembler:       Armasm.exe V5.06 update 6 (build 750)
Linker/Locator:  ArmLink.exe V5.06 update 6 (build 750)
Library Manager: ArmAr.exe V5.06 update 6 (build 750)
Hex Converter:   FromElf.exe V5.06 update 6 (build 750)
CPU DLL:         SARMCM3.DLL V5.26.2.0
Dialog DLL:      DCM.DLL V1.17.2.0
Target DLL:      STLink\ST-LINKIII-KEIL_SWO.dll V3.0.5.0
Dialog DLL:      TCM.DLL V1.36.1.0
 
<h2>Project:</h2>
C:\Users\xinyu\Desktop\project\esp32C3\激光对射系统\激光对射系统\源码\32 -uc0s\Template.uvprojx
Project File Date:  08/09/2022

<h2>Output:</h2>
*** Using Compiler 'V5.06 update 6 (build 750)', folder: 'C:\Keil_v5\ARM\ARMCC\Bin'
Rebuild target 'Target 1'
assembling startup_stm32f10x_hd.s...
compiling stm32f10x_gpio.c...
compiling stm32f10x_it.c...
compiling stm32f10x_rcc.c...
compiling stm32f10x_exti.c...
compiling stm32f10x_wwdg.c...
compiling misc.c...
compiling stm32f10x_iwdg.c...
compiling stm32f10x_usart.c...
compiling main.c...
compiling stm32f10x_bkp.c...
compiling stm32f10x_tim.c...
compiling stm32f10x_pwr.c...
compiling stm32f10x_adc.c...
compiling stm32f10x_dac.c...
compiling core_cm3.c...
compiling stm32f10x_dma.c...
compiling stm32f10x_rtc.c...
compiling system_stm32f10x.c...
compiling stm32f10x_spi.c...
compiling stm32f10x_can.c...
compiling stm32f10x_fsmc.c...
compiling led.c...
compiling tftlcd.c...
APP\tftlcd\tftlcd.c(603): warning:  #177-D: variable "i"  was declared but never referenced
  	u16 i;
APP\tftlcd\tftlcd.c(2392): warning:  #177-D: variable "g"  was declared but never referenced
   	u16 r=0,g=0,b=0;
APP\tftlcd\tftlcd.c(2392): warning:  #177-D: variable "b"  was declared but never referenced
   	u16 r=0,g=0,b=0;
APP\tftlcd\tftlcd.c(2393): warning:  #177-D: variable "r1"  was declared but never referenced
  	u16 r1,r2,r3;
APP\tftlcd\tftlcd.c(2393): warning:  #177-D: variable "r2"  was declared but never referenced
  	u16 r1,r2,r3;
APP\tftlcd\tftlcd.c(2393): warning:  #177-D: variable "r3"  was declared but never referenced
  	u16 r1,r2,r3;
APP\tftlcd\tftlcd.c(2394): warning:  #177-D: variable "value"  was declared but never referenced
  	u32 value;
APP\tftlcd\tftlcd.c: 7 warnings, 0 errors
compiling hwjs.c...
APP\hwjs\hwjs.c(30): warning:  #177-D: variable "NVIC_InitStructure"  was declared but never referenced
  	NVIC_InitTypeDef NVIC_InitStructure;
APP\hwjs\hwjs.c: 1 warning, 0 errors
compiling spi.c...
compiling nrf24l01.c...
compiling gps.c...
compiling module.c...
APP\module\module.c(262): warning:  #167-D: argument of type "uint8_t *" is incompatible with parameter of type "const char *"
  			converted[0]=atoi(converted);
APP\module\module.c: 1 warning, 0 errors
compiling system.c...
compiling voice.c...
APP\voice\voice.c(83): warning:  #9-D: nested comment is not allowed
  //*/
APP\voice\voice.c: 1 warning, 0 errors
compiling time.c...
compiling function.c...
compiling SysTick.c...
assembling cpu_a.asm...
compiling cpu_c.c...
compiling cpu_core.c...
assembling lib_mem_a.asm...
compiling lib_ascii.c...
compiling lib_math.c...
compiling os_cfg_app.c...
compiling lib_str.c...
compiling usart.c...
compiling lib_mem.c...
compiling os_dbg.c...
compiling bsp.c...
compiling os_core.c...
compiling os_int.c...
compiling os_mem.c...
compiling os_msg.c...
compiling os_flag.c...
compiling os_pend_multi.c...
compiling os_prio.c...
compiling os_mutex.c...
compiling os_q.c...
assembling os_cpu_a.s...
compiling os_sem.c...
compiling os_stat.c...
compiling os_tick.c...
compiling os_tmr.c...
compiling os_time.c...
compiling os_var.c...
compiling os_cpu_c.c...
compiling os_app_hooks.c...
compiling os_task.c...
linking...
Program Size: Code=14512 RO-data=648 RW-data=800 ZI-data=9792  
FromELF: creating hex file...
".\Obj\Template.axf" - 0 Error(s), 10 Warning(s).

<h2>Software Packages used:</h2>

Package Vendor: APEXMIC
                https://v1.cecdn.yun300.cn/site_1807300217/APEXMIC.APM32F1xx_DFP.1.0.2.pack
                APEXMIC.APM32F1xx_DFP.1.0.2
                APEX Microelectronics APM32F1 Series Device Support, Drivers and Examples

<h2>Collection of Component include folders:</h2>
  .\RTE\_Target_1
  C:\Keil_v5\ARM\PACK\APEXMIC\APM32F1xx_DFP\1.0.2\Device\Include

<h2>Collection of Component Files used:</h2>
Build Time Elapsed:  00:00:08
</pre>
</body>
</html>
